Archive member included to satisfy reference by file (symbol)

D:/e2studio/toolchains/gcc_arm/13.2.rel1/bin/../lib/gcc/arm-none-eabi/13.2.1/thumb/v8-m.main+fp/hard\libgcc.a(_aeabi_ldivmod.o)
                              ./ra/fsp/src/r_sci_uart/r_sci_uart.o (__aeabi_ldivmod)
D:/e2studio/toolchains/gcc_arm/13.2.rel1/bin/../lib/gcc/arm-none-eabi/13.2.1/thumb/v8-m.main+fp/hard\libgcc.a(_udivmoddi4.o)
                              D:/e2studio/toolchains/gcc_arm/13.2.rel1/bin/../lib/gcc/arm-none-eabi/13.2.1/thumb/v8-m.main+fp/hard\libgcc.a(_aeabi_ldivmod.o) (__udivmoddi4)
D:/e2studio/toolchains/gcc_arm/13.2.rel1/bin/../lib/gcc/arm-none-eabi/13.2.1/thumb/v8-m.main+fp/hard\libgcc.a(_dvmd_tls.o)
                              D:/e2studio/toolchains/gcc_arm/13.2.rel1/bin/../lib/gcc/arm-none-eabi/13.2.1/thumb/v8-m.main+fp/hard\libgcc.a(_aeabi_ldivmod.o) (__aeabi_ldiv0)
D:/e2studio/toolchains/gcc_arm/13.2.rel1/bin/../lib/gcc/arm-none-eabi/13.2.1/thumb/v8-m.main+fp/hard\libg_nano.a(libc_a-exit.o)
                              D:/e2studio/toolchains/gcc_arm/13.2.rel1/bin/../lib/gcc/arm-none-eabi/13.2.1/thumb/v8-m.main+fp/hard/crt0.o (exit)
D:/e2studio/toolchains/gcc_arm/13.2.rel1/bin/../lib/gcc/arm-none-eabi/13.2.1/thumb/v8-m.main+fp/hard\libg_nano.a(libc_a-nano-vfprintf_float.o)
                              (_printf_float)
D:/e2studio/toolchains/gcc_arm/13.2.rel1/bin/../lib/gcc/arm-none-eabi/13.2.1/thumb/v8-m.main+fp/hard\libg_nano.a(libc_a-nano-vfprintf_i.o)
                              D:/e2studio/toolchains/gcc_arm/13.2.rel1/bin/../lib/gcc/arm-none-eabi/13.2.1/thumb/v8-m.main+fp/hard\libg_nano.a(libc_a-nano-vfprintf_float.o) (_printf_common)
D:/e2studio/toolchains/gcc_arm/13.2.rel1/bin/../lib/gcc/arm-none-eabi/13.2.1/thumb/v8-m.main+fp/hard\libg_nano.a(libc_a-findfp.o)
                              D:/e2studio/toolchains/gcc_arm/13.2.rel1/bin/../lib/gcc/arm-none-eabi/13.2.1/thumb/v8-m.main+fp/hard\libg_nano.a(libc_a-exit.o) (__stdio_exit_handler)
D:/e2studio/toolchains/gcc_arm/13.2.rel1/bin/../lib/gcc/arm-none-eabi/13.2.1/thumb/v8-m.main+fp/hard\libg_nano.a(libc_a-fwalk.o)
                              D:/e2studio/toolchains/gcc_arm/13.2.rel1/bin/../lib/gcc/arm-none-eabi/13.2.1/thumb/v8-m.main+fp/hard\libg_nano.a(libc_a-findfp.o) (_fwalk_sglue)
D:/e2studio/toolchains/gcc_arm/13.2.rel1/bin/../lib/gcc/arm-none-eabi/13.2.1/thumb/v8-m.main+fp/hard\libg_nano.a(libc_a-stdio.o)
                              D:/e2studio/toolchains/gcc_arm/13.2.rel1/bin/../lib/gcc/arm-none-eabi/13.2.1/thumb/v8-m.main+fp/hard\libg_nano.a(libc_a-findfp.o) (__sread)
D:/e2studio/toolchains/gcc_arm/13.2.rel1/bin/../lib/gcc/arm-none-eabi/13.2.1/thumb/v8-m.main+fp/hard\libg_nano.a(libc_a-memset.o)
                              D:/e2studio/toolchains/gcc_arm/13.2.rel1/bin/../lib/gcc/arm-none-eabi/13.2.1/thumb/v8-m.main+fp/hard/crt0.o (memset)
D:/e2studio/toolchains/gcc_arm/13.2.rel1/bin/../lib/gcc/arm-none-eabi/13.2.1/thumb/v8-m.main+fp/hard\libg_nano.a(libc_a-localeconv.o)
                              D:/e2studio/toolchains/gcc_arm/13.2.rel1/bin/../lib/gcc/arm-none-eabi/13.2.1/thumb/v8-m.main+fp/hard\libg_nano.a(libc_a-nano-vfprintf_float.o) (_localeconv_r)
D:/e2studio/toolchains/gcc_arm/13.2.rel1/bin/../lib/gcc/arm-none-eabi/13.2.1/thumb/v8-m.main+fp/hard\libg_nano.a(libc_a-closer.o)
                              D:/e2studio/toolchains/gcc_arm/13.2.rel1/bin/../lib/gcc/arm-none-eabi/13.2.1/thumb/v8-m.main+fp/hard\libg_nano.a(libc_a-stdio.o) (_close_r)
D:/e2studio/toolchains/gcc_arm/13.2.rel1/bin/../lib/gcc/arm-none-eabi/13.2.1/thumb/v8-m.main+fp/hard\libg_nano.a(libc_a-reent.o)
                              D:/e2studio/toolchains/gcc_arm/13.2.rel1/bin/../lib/gcc/arm-none-eabi/13.2.1/thumb/v8-m.main+fp/hard\libg_nano.a(libc_a-closer.o) (errno)
D:/e2studio/toolchains/gcc_arm/13.2.rel1/bin/../lib/gcc/arm-none-eabi/13.2.1/thumb/v8-m.main+fp/hard\libg_nano.a(libc_a-impure.o)
                              D:/e2studio/toolchains/gcc_arm/13.2.rel1/bin/../lib/gcc/arm-none-eabi/13.2.1/thumb/v8-m.main+fp/hard\libg_nano.a(libc_a-reent.o) (_impure_ptr)
D:/e2studio/toolchains/gcc_arm/13.2.rel1/bin/../lib/gcc/arm-none-eabi/13.2.1/thumb/v8-m.main+fp/hard\libg_nano.a(libc_a-lseekr.o)
                              D:/e2studio/toolchains/gcc_arm/13.2.rel1/bin/../lib/gcc/arm-none-eabi/13.2.1/thumb/v8-m.main+fp/hard\libg_nano.a(libc_a-stdio.o) (_lseek_r)
D:/e2studio/toolchains/gcc_arm/13.2.rel1/bin/../lib/gcc/arm-none-eabi/13.2.1/thumb/v8-m.main+fp/hard\libg_nano.a(libc_a-readr.o)
                              D:/e2studio/toolchains/gcc_arm/13.2.rel1/bin/../lib/gcc/arm-none-eabi/13.2.1/thumb/v8-m.main+fp/hard\libg_nano.a(libc_a-stdio.o) (_read_r)
D:/e2studio/toolchains/gcc_arm/13.2.rel1/bin/../lib/gcc/arm-none-eabi/13.2.1/thumb/v8-m.main+fp/hard\libg_nano.a(libc_a-writer.o)
                              D:/e2studio/toolchains/gcc_arm/13.2.rel1/bin/../lib/gcc/arm-none-eabi/13.2.1/thumb/v8-m.main+fp/hard\libg_nano.a(libc_a-stdio.o) (_write_r)
[...]
Memory Configuration

Name             Origin             Length             Attributes
RAM              0x20000000         0x00020000         xrw
FLASH            0x00000000         0x00080000         xr
DATA_FLASH       0x08000000         0x00002000         xr
QSPI_FLASH       0x60000000         0x04000000         xr
OPTION_SETTING_OFS0 0x0100a100         0x00000004         r
OPTION_SETTING_OFS1 0x0100a180         0x00000004         r
OPTION_SETTING_BPS 0x0100a1c0         0x00000004         r
OPTION_SETTING_PBPS 0x0100a1e0         0x00000004         r
OPTION_SETTING_OFS1_SEC 0x0100a200         0x00000004         r
OPTION_SETTING_BPS_SEC 0x0100a240         0x00000004         r
OPTION_SETTING_PBPS_SEC 0x0100a260         0x00000004         r
OPTION_SETTING_OFS1_SEL 0x0100a280         0x00000004         r
OPTION_SETTING_BPS_SEL 0x0100a2c0         0x00000004         r
*default*        0x00000000         0xffffffff

Linker script and memory map

LOAD D:/e2studio/toolchains/gcc_arm/13.2.rel1/bin/../lib/gcc/arm-none-eabi/13.2.1/thumb/v8-m.main+fp/hard/crti.o
LOAD D:/e2studio/toolchains/gcc_arm/13.2.rel1/bin/../lib/gcc/arm-none-eabi/13.2.1/thumb/v8-m.main+fp/hard/crtbegin.o
LOAD D:/e2studio/toolchains/gcc_arm/13.2.rel1/bin/../lib/gcc/arm-none-eabi/13.2.1/thumb/v8-m.main+fp/hard/crt0.o
START GROUP
LOAD ./src/bsp/bsp_motor.o
LOAD ./src/bsp/bsp_track.o
LOAD ./src/bsp/bsp_uart.o
LOAD ./src/app/APP_MOTOR.o
LOAD ./src/app/app_uart.o
LOAD ./src/algorithm/pid.o
LOAD ./src/hal_entry.o
LOAD ./src/hal_warmstart.o
LOAD ./ra_gen/common_data.o
LOAD ./ra_gen/hal_data.o
LOAD ./ra_gen/main.o
LOAD ./ra_gen/pin_data.o
LOAD ./ra_gen/vector_data.o
LOAD ./ra/fsp/src/r_sci_uart/r_sci_uart.o
LOAD ./ra/fsp/src/r_ioport/r_ioport.o
LOAD ./ra/fsp/src/r_gpt/r_gpt.o
LOAD ./ra/fsp/src/bsp/mcu/ra4m2/bsp_linker.o
LOAD ./ra/fsp/src/bsp/mcu/all/bsp_clocks.o
LOAD ./ra/fsp/src/bsp/mcu/all/bsp_common.o
LOAD ./ra/fsp/src/bsp/mcu/all/bsp_delay.o
LOAD ./ra/fsp/src/bsp/mcu/all/bsp_group_irq.o
LOAD ./ra/fsp/src/bsp/mcu/all/bsp_guard.o
LOAD ./ra/fsp/src/bsp/mcu/all/bsp_io.o
LOAD ./ra/fsp/src/bsp/mcu/all/bsp_ipc.o
LOAD ./ra/fsp/src/bsp/mcu/all/bsp_irq.o
LOAD ./ra/fsp/src/bsp/mcu/all/bsp_macl.o
LOAD ./ra/fsp/src/bsp/mcu/all/bsp_ospi_b.o
LOAD ./ra/fsp/src/bsp/mcu/all/bsp_register_protection.o
LOAD ./ra/fsp/src/bsp/mcu/all/bsp_sbrk.o
LOAD ./ra/fsp/src/bsp/mcu/all/bsp_sdram.o
LOAD ./ra/fsp/src/bsp/mcu/all/bsp_security.o
LOAD ./ra/fsp/src/bsp/cmsis/Device/RENESAS/Source/startup.o
LOAD ./ra/fsp/src/bsp/cmsis/Device/RENESAS/Source/system.o
END GROUP
START GROUP
LOAD D:/e2studio/toolchains/gcc_arm/13.2.rel1/bin/../lib/gcc/arm-none-eabi/13.2.1/thumb/v8-m.main+fp/hard\libgcc.a
LOAD D:/e2studio/toolchains/gcc_arm/13.2.rel1/bin/../lib/gcc/arm-none-eabi/13.2.1/thumb/v8-m.main+fp/hard\libg_nano.a
LOAD D:/e2studio/toolchains/gcc_arm/13.2.rel1/bin/../lib/gcc/arm-none-eabi/13.2.1/thumb/v8-m.main+fp/hard\libc_nano.a
END GROUP
START GROUP
LOAD D:/e2studio/toolchains/gcc_arm/13.2.rel1/bin/../lib/gcc/arm-none-eabi/13.2.1/thumb/v8-m.main+fp/hard\libgcc.a
LOAD D:/e2studio/toolchains/gcc_arm/13.2.rel1/bin/../lib/gcc/arm-none-eabi/13.2.1/thumb/v8-m.main+fp/hard\libc_nano.a
LOAD D:/e2studio/toolchains/gcc_arm/13.2.rel1/bin/../lib/gcc/arm-none-eabi/13.2.1/thumb/v8-m.main+fp/hard\libnosys.a
END GROUP
START GROUP
LOAD D:/e2studio/toolchains/gcc_arm/13.2.rel1/bin/../lib/gcc/arm-none-eabi/13.2.1/thumb/v8-m.main+fp/hard\libgcc.a
LOAD D:/e2studio/toolchains/gcc_arm/13.2.rel1/bin/../lib/gcc/arm-none-eabi/13.2.1/thumb/v8-m.main+fp/hard\libc_nano.a
LOAD D:/e2studio/toolchains/gcc_arm/13.2.rel1/bin/../lib/gcc/arm-none-eabi/13.2.1/thumb/v8-m.main+fp/hard\libnosys.a
END GROUP
LOAD D:/e2studio/toolchains/gcc_arm/13.2.rel1/bin/../lib/gcc/arm-none-eabi/13.2.1/thumb/v8-m.main+fp/hard/crtend.o
LOAD D:/e2studio/toolchains/gcc_arm/13.2.rel1/bin/../lib/gcc/arm-none-eabi/13.2.1/thumb/v8-m.main+fp/hard/crtn.o
                0x20000000                        RAM_START = 0x20000000
                0x00020000                        RAM_LENGTH = 0x20000
                0x00000000                        FLASH_START = 0x0
                0x00080000                        FLASH_LENGTH = 0x80000
                0x08000000                        DATA_FLASH_START = 0x8000000
                0x00002000                        DATA_FLASH_LENGTH = 0x2000
                0x60000000                        QSPI_FLASH_START = 0x60000000
                0x04000000                        QSPI_FLASH_LENGTH = 0x4000000
                0x0100a100                        OPTION_SETTING_OFS0_START = 0x100a100
                0x00000004                        OPTION_SETTING_OFS0_LENGTH = 0x4
                0x0100a180                        OPTION_SETTING_OFS1_START = 0x100a180
                0x00000004                        OPTION_SETTING_OFS1_LENGTH = 0x4
                0x0100a1c0                        OPTION_SETTING_BPS_START = 0x100a1c0
                0x00000004                        OPTION_SETTING_BPS_LENGTH = 0x4
                0x0100a1e0                        OPTION_SETTING_PBPS_START = 0x100a1e0
                0x00000004                        OPTION_SETTING_PBPS_LENGTH = 0x4
                0x0100a200                        OPTION_SETTING_OFS1_SEC_START = 0x100a200
                0x00000004                        OPTION_SETTING_OFS1_SEC_LENGTH = 0x4
                0x0100a240                        OPTION_SETTING_BPS_SEC_START = 0x100a240
                0x00000004                        OPTION_SETTING_BPS_SEC_LENGTH = 0x4
                0x0100a260                        OPTION_SETTING_PBPS_SEC_START = 0x100a260
                0x00000004                        OPTION_SETTING_PBPS_SEC_LENGTH = 0x4
                0x0100a280                        OPTION_SETTING_OFS1_SEL_START = 0x100a280
                0x00000004                        OPTION_SETTING_OFS1_SEL_LENGTH = 0x4
                0x0100a2c0                        OPTION_SETTING_BPS_SEL_START = 0x100a2c0
                0x00000004                        OPTION_SETTING_BPS_SEL_LENGTH = 0x4
START GROUP
LOAD D:/e2studio/toolchains/gcc_arm/13.2.rel1/bin/../lib/gcc/arm-none-eabi/13.2.1/thumb/v8-m.main+fp/hard\libgcc.a
LOAD D:/e2studio/toolchains/gcc_arm/13.2.rel1/bin/../lib/gcc/arm-none-eabi/13.2.1/thumb/v8-m.main+fp/hard\libc.a
LOAD D:/e2studio/toolchains/gcc_arm/13.2.rel1/bin/../lib/gcc/arm-none-eabi/13.2.1/thumb/v8-m.main+fp/hard\libm.a
END GROUP

.qspi_flash.startof
                0x60000000        0x0
                0x60000000                        __ddsc_QSPI_FLASH_START = .

.ram.startof    0x20000000        0x0
                0x20000000                        __ddsc_RAM_START = .

__ram_dtc_vector$$
                0x20000000        0x0
                0x20000000                        __ram_dtc_vector$$Base = .
 *(.fsp_dtc_vector_table)
                0x20000000                        __ram_dtc_vector$$Limit = .

__ram_from_qspi_flash$$
                0x20000000        0x0 load address 0x60000000
                0x20000000                        __ram_from_qspi_flash$$Base = .
                0x60000000                        __ram_from_qspi_flash$$Load = LOADADDR (__ram_from_qspi_flash$$)
 *(.ram_from_qspi_flash)
 *(.ram_code_from_qspi_flash)
                0x20000000                        __ram_from_qspi_flash$$Limit = .

__qspi_flash_readonly$$
                0x60000000        0x0
                0x60000000                        __qspi_flash_readonly$$Base = .
 *(.qspi_flash)
 *(.qspi_flash_code)
                0x60000000                        __qspi_flash_readonly$$Limit = .

__qspi_flash_noinit$$
                0x60000000        0x0
                0x60000000                        __qspi_flash_noinit$$Base = .
 *(.qspi_flash_noinit)
                0x60000000                        __qspi_flash_noinit$$Limit = .

.qspi_flash.endof
                0x60000000        0x0
                0x60000000                        __ddsc_QSPI_FLASH_END = .

.data_flash.startof
                0x08000000        0x0
                0x08000000                        __ddsc_DATA_FLASH_START = .

__ram_from_data_flash$$
                0x20000000        0x0 load address 0x08000000
                0x20000000                        __ram_from_data_flash$$Base = .
                0x08000000                        __ram_from_data_flash$$Load = LOADADDR (__ram_from_data_flash$$)
 *(.ram_from_data_flash)
 *(.ram_code_from_data_flash)
                0x20000000                        __ram_from_data_flash$$Limit = .

__data_flash_readonly$$
                0x08000000        0x0
                0x08000000                        __data_flash_readonly$$Base = .
 *(.data_flash)
 *(.data_flash_code)
                0x08000000                        __data_flash_readonly$$Limit = .

__data_flash_noinit$$
                0x08000000        0x0
                0x08000000                        __data_flash_noinit$$Base = .
 *(.data_flash_noinit)
                0x08000000                        __data_flash_noinit$$Limit = .

.data_flash.endof
                0x08000000        0x0
                0x08000000                        __ddsc_DATA_FLASH_END = .

.flash.startof  0x00000000        0x0
                0x00000000                        __ddsc_FLASH_START = .

__flash_vectors$$
                0x00000000       0x50
                0x00000000                        __flash_vectors$$Base = .
                0x00000000                        _VECTORS = .
 *(.fixed_vectors)
 .fixed_vectors
                0x00000000       0x40 ./ra/fsp/src/bsp/cmsis/Device/RENESAS/Source/startup.o
                0x00000000                __Vectors
 *(.application_vectors)
 .application_vectors
                0x00000040       0x10 ./ra_gen/vector_data.o
                0x00000040                g_vector_table
                0x00000050                        __flash_vectors$$Limit = .

__flash_noinit$$
                0x00000050        0x0
                0x00000050                        __flash_noinit$$Base = .
 *(.flash_noinit)
                0x00000050                        __flash_noinit$$Limit = .

__ram_from_flash$$
                0x20000000      0x1bc load address 0x00000050
                0x20000000                        __ram_from_flash$$Base = .
                0x00000050                        __ram_from_flash$$Load = LOADADDR (__ram_from_flash$$)
 *(.ram_from_flash)
 *(.ram_code_from_flash)
 *(.data*)
 .data._impure_ptr
                0x20000000        0x4 D:/e2studio/toolchains/gcc_arm/13.2.rel1/bin/../lib/gcc/arm-none-eabi/13.2.1/thumb/v8-m.main+fp/hard\libg_nano.a(libc_a-impure.o)
                0x20000000                _impure_ptr
 .data._impure_data
                0x20000004       0x4c D:/e2studio/toolchains/gcc_arm/13.2.rel1/bin/../lib/gcc/arm-none-eabi/13.2.1/thumb/v8-m.main+fp/hard\libg_nano.a(libc_a-impure.o)
                0x20000004                _impure_data
 .data.__global_locale
                0x20000050      0x16c D:/e2studio/toolchains/gcc_arm/13.2.rel1/bin/../lib/gcc/arm-none-eabi/13.2.1/thumb/v8-m.main+fp/hard\libg_nano.a(libc_a-locale.o)
                0x20000050                __global_locale
 *(vtable)
                0x200001bc                        __ram_from_flash$$Limit = .

.tm_clone_table
                0x200001bc        0x0 load address 0x0000020c
 .tm_clone_table
                0x200001bc        0x0 D:/e2studio/toolchains/gcc_arm/13.2.rel1/bin/../lib/gcc/arm-none-eabi/13.2.1/thumb/v8-m.main+fp/hard/crtbegin.o
 .tm_clone_table
                0x200001bc        0x0 D:/e2studio/toolchains/gcc_arm/13.2.rel1/bin/../lib/gcc/arm-none-eabi/13.2.1/thumb/v8-m.main+fp/hard/crtend.o

.igot.plt       0x200001bc        0x0 load address 0x0000020c
 .igot.plt      0x200001bc        0x0 D:/e2studio/toolchains/gcc_arm/13.2.rel1/bin/../lib/gcc/arm-none-eabi/13.2.1/thumb/v8-m.main+fp/hard/crtbegin.o

__ram_noinit$$  0x200001c0      0x41c load address 0x0000020c
                0x200001c0                        __ram_noinit$$Base = .
 *(.bss.g_heap)
 *(.bss.g_main_stack)
 .bss.g_main_stack
                0x200001c0      0x400 ./ra/fsp/src/bsp/cmsis/Device/RENESAS/Source/startup.o
                0x200001c0                g_main_stack
 *(.ram_noinit)
 .ram_noinit    0x200005c0       0x1c ./ra/fsp/src/bsp/mcu/all/bsp_clocks.o
 *(.noinit)
                0x200005dc                        __ram_noinit$$Limit = .

__ram_zero$$    0x200005dc      0x238 load address 0x0000020c
                0x200005dc                        __ram_zero$$Base = .
 *(.ram)
 *(.bss*)
 .bss.completed.1
                0x200005dc        0x1 D:/e2studio/toolchains/gcc_arm/13.2.rel1/bin/../lib/gcc/arm-none-eabi/13.2.1/thumb/v8-m.main+fp/hard/crtbegin.o
 *fill*         0x200005dd        0x3 
 .bss.object.0  0x200005e0       0x18 D:/e2studio/toolchains/gcc_arm/13.2.rel1/bin/../lib/gcc/arm-none-eabi/13.2.1/thumb/v8-m.main+fp/hard/crtbegin.o
 .bss.s_last_pid_out
                0x200005f8        0x4 ./src/app/APP_MOTOR.o
 .bss.s_last_pid_error
                0x200005fc        0x4 ./src/app/APP_MOTOR.o
 .bss.s_last_norm_error
                0x20000600        0x4 ./src/app/APP_MOTOR.o
 .bss.s_sensor_invert
                0x20000604        0x1 ./src/app/APP_MOTOR.o
 *fill*         0x20000605        0x3 
 .bss.s_line_pid
                0x20000608       0x20 ./src/app/APP_MOTOR.o
 .bss.g_ioport_ctrl
                0x20000628        0x8 ./ra_gen/common_data.o
                0x20000628                g_ioport_ctrl
 .bss.g_timer1_ctrl
                0x20000630       0x20 ./ra_gen/hal_data.o
                0x20000630                g_timer1_ctrl
 .bss.g_timer2_ctrl
                0x20000650       0x20 ./ra_gen/hal_data.o
                0x20000650                g_timer2_ctrl
 .bss.g_bsp_group_irq_sources
                0x20000670       0x38 ./ra/fsp/src/bsp/mcu/all/bsp_group_irq.o
                0x20000670                g_bsp_group_irq_sources
 .bss.g_protect_pfswe_counter
                0x200006a8        0x4 ./ra/fsp/src/bsp/mcu/all/bsp_io.o
                0x200006a8                g_protect_pfswe_counter
 .bss.gp_renesas_isr_context
                0x200006ac       0x10 ./ra/fsp/src/bsp/mcu/all/bsp_irq.o
                0x200006ac                gp_renesas_isr_context
 .bss.g_protect_counters
                0x200006bc        0xa ./ra/fsp/src/bsp/mcu/all/bsp_register_protection.o
                0x200006bc                g_protect_counters
 *fill*         0x200006c6        0x2 
 .bss.SystemCoreClock
                0x200006c8        0x4 ./ra/fsp/src/bsp/cmsis/Device/RENESAS/Source/system.o
                0x200006c8                SystemCoreClock
 .bss.__sf      0x200006cc      0x138 D:/e2studio/toolchains/gcc_arm/13.2.rel1/bin/../lib/gcc/arm-none-eabi/13.2.1/thumb/v8-m.main+fp/hard\libg_nano.a(libc_a-findfp.o)
                0x200006cc                __sf
 .bss.errno     0x20000804        0x4 D:/e2studio/toolchains/gcc_arm/13.2.rel1/bin/../lib/gcc/arm-none-eabi/13.2.1/thumb/v8-m.main+fp/hard\libg_nano.a(libc_a-reent.o)
                0x20000804                errno
 .bss.__lock___malloc_recursive_mutex
                0x20000808        0x1 D:/e2studio/toolchains/gcc_arm/13.2.rel1/bin/../lib/gcc/arm-none-eabi/13.2.1/thumb/v8-m.main+fp/hard\libg_nano.a(libc_a-lock.o)
                0x20000808                __lock___malloc_recursive_mutex
 *fill*         0x20000809        0x3 
 .bss.__malloc_sbrk_start
                0x2000080c        0x4 D:/e2studio/toolchains/gcc_arm/13.2.rel1/bin/../lib/gcc/arm-none-eabi/13.2.1/thumb/v8-m.main+fp/hard\libg_nano.a(libc_a-mallocr.o)
                0x2000080c                __malloc_sbrk_start
 .bss.__malloc_free_list
                0x20000810        0x4 D:/e2studio/toolchains/gcc_arm/13.2.rel1/bin/../lib/gcc/arm-none-eabi/13.2.1/thumb/v8-m.main+fp/hard\libg_nano.a(libc_a-mallocr.o)
                0x20000810                __malloc_free_list
                0x20000814                        __ram_zero$$Limit = .

__ram_thread_stack$$
                0x20000818        0x0 load address 0x00000210
                0x20000818                        __ram_thread_stack$$Base = .
 *(.stack?*)
                0x20000818                        __ram_thread_stack$$Limit = .

.ram.endof      0x20000c00        0x0
                0x20000c00                        __ddsc_RAM_END = .

.ram.flat_nsc   0x20000c00        0x0
                0x20000c00                        __ddsc_RAM_NSC = .

__flash_readonly$$
                0x00000210     0x41a4
                0x00000210                        __flash_readonly$$Base = .
 *(.flash)
 *(.flash_code)
 *(.text*)
 .text.deregister_tm_clones
                0x00000210       0x1c D:/e2studio/toolchains/gcc_arm/13.2.rel1/bin/../lib/gcc/arm-none-eabi/13.2.1/thumb/v8-m.main+fp/hard/crtbegin.o
 .text.register_tm_clones
                0x0000022c       0x28 D:/e2studio/toolchains/gcc_arm/13.2.rel1/bin/../lib/gcc/arm-none-eabi/13.2.1/thumb/v8-m.main+fp/hard/crtbegin.o
 .text.__do_global_dtors_aux
                0x00000254       0x28 D:/e2studio/toolchains/gcc_arm/13.2.rel1/bin/../lib/gcc/arm-none-eabi/13.2.1/thumb/v8-m.main+fp/hard/crtbegin.o
 .text.frame_dummy
                0x0000027c       0x24 D:/e2studio/toolchains/gcc_arm/13.2.rel1/bin/../lib/gcc/arm-none-eabi/13.2.1/thumb/v8-m.main+fp/hard/crtbegin.o
 .text.motor_bsp_init
                0x000002a0      0x110 ./src/bsp/bsp_motor.o
                0x000002a0                motor_bsp_init
 .text.motor_bsp_set_direction
                0x000003b0       0x70 ./src/bsp/bsp_motor.o
                0x000003b0                motor_bsp_set_direction
 .text.motor_bsp_set_speed
                0x00000420       0x90 ./src/bsp/bsp_motor.o
                0x00000420                motor_bsp_set_speed
 .text.track_set_address
                0x000004b0       0x34 ./src/bsp/bsp_track.o
 .text.track_bsp_init
                0x000004e4       0x2c ./src/bsp/bsp_track.o
                0x000004e4                track_bsp_init
 .text.track_bsp_read_all
                0x00000510       0x4c ./src/bsp/bsp_track.o
                0x00000510                track_bsp_read_all
 .text.app_motor_init
                0x0000055c       0x68 ./src/app/APP_MOTOR.o
                0x0000055c                app_motor_init
 .text.app_motor_set_sensor_invert
                0x000005c4        0xc ./src/app/APP_MOTOR.o
                0x000005c4                app_motor_set_sensor_invert
 .text.app_motor_line_follow_update
                0x000005d0      0x15c ./src/app/APP_MOTOR.o
                0x000005d0                app_motor_line_follow_update
 .text.pid_init
                0x0000072c       0x24 ./src/algorithm/pid.o
                0x0000072c                pid_init
 .text.pid_compute
                0x00000750       0xb8 ./src/algorithm/pid.o
                0x00000750                pid_compute
 .text.hal_entry
                0x00000808       0x3c ./src/hal_entry.o
                0x00000808                hal_entry
 .text.R_BSP_WarmStart
                0x00000844       0x18 ./src/hal_warmstart.o
                0x00000844                R_BSP_WarmStart
 .text.g_common_init
                0x0000085c        0x4 ./ra_gen/common_data.o
                0x0000085c                g_common_init
 .text.g_hal_init
                0x00000860        0x4 ./ra_gen/hal_data.o
                0x00000860                g_hal_init
 .text.startup.main
                0x00000864        0xc ./ra_gen/main.o
                0x00000864                main
 .text.r_sci_uart_call_callback
                0x00000870       0x44 ./ra/fsp/src/r_sci_uart/r_sci_uart.o
 .text.sci_uart_txi_isr
                0x000008b4       0x8c ./ra/fsp/src/r_sci_uart/r_sci_uart.o
                0x000008b4                sci_uart_txi_isr
 .text.sci_uart_rxi_isr
                0x00000940       0x90 ./ra/fsp/src/r_sci_uart/r_sci_uart.o
                0x00000940                sci_uart_rxi_isr
 .text.sci_uart_tei_isr
                0x000009d0       0x48 ./ra/fsp/src/r_sci_uart/r_sci_uart.o
                0x000009d0                sci_uart_tei_isr
 .text.sci_uart_eri_isr
                0x00000a18       0x78 ./ra/fsp/src/r_sci_uart/r_sci_uart.o
                0x00000a18                sci_uart_eri_isr
 .text.R_IOPORT_PinRead
                0x00000a90       0x24 ./ra/fsp/src/r_ioport/r_ioport.o
                0x00000a90                R_IOPORT_PinRead
 .text.R_IOPORT_PinWrite
                0x00000ab4       0x20 ./ra/fsp/src/r_ioport/r_ioport.o
                0x00000ab4                R_IOPORT_PinWrite
 .text.bsp_vbatt_init
                0x00000ad4       0xe8 ./ra/fsp/src/r_ioport/r_ioport.o
 .text.r_ioport_pins_config
                0x00000bbc       0xac ./ra/fsp/src/r_ioport/r_ioport.o
 .text.R_IOPORT_Open
                0x00000c68       0x14 ./ra/fsp/src/r_ioport/r_ioport.o
                0x00000c68                R_IOPORT_Open
 .text.R_GPT_Start
                0x00000c7c        0xc ./ra/fsp/src/r_gpt/r_gpt.o
                0x00000c7c                R_GPT_Start
 .text.R_GPT_PeriodSet
                0x00000c88       0x34 ./ra/fsp/src/r_gpt/r_gpt.o
                0x00000c88                R_GPT_PeriodSet
 .text.gpt_calculate_duty_cycle.isra.0
                0x00000cbc       0x64 ./ra/fsp/src/r_gpt/r_gpt.o
 .text.R_GPT_DutyCycleSet
                0x00000d20       0xf0 ./ra/fsp/src/r_gpt/r_gpt.o
                0x00000d20                R_GPT_DutyCycleSet
 .text.R_GPT_Open
                0x00000e10      0x500 ./ra/fsp/src/r_gpt/r_gpt.o
                0x00000e10                R_GPT_Open
 .text.SystemCoreClockUpdate
                0x00001310       0x28 ./ra/fsp/src/bsp/mcu/all/bsp_clocks.o
                0x00001310                SystemCoreClockUpdate
 .text.R_BSP_SubClockStabilizeWaitAfterReset
                0x00001338        0x4 ./ra/fsp/src/bsp/mcu/all/bsp_clocks.o
                0x00001338                R_BSP_SubClockStabilizeWaitAfterReset
 .text.bsp_clock_init
                0x0000133c      0x130 ./ra/fsp/src/bsp/mcu/all/bsp_clocks.o
                0x0000133c                bsp_clock_init
 .text.R_BSP_Init_RTC
                0x0000146c       0xb0 ./ra/fsp/src/bsp/mcu/all/bsp_clocks.o
                0x0000146c                R_BSP_Init_RTC
 .text.bsp_init_internal
                0x0000151c        0x4 ./ra/fsp/src/bsp/mcu/all/bsp_common.o
                0x0000151c                bsp_init_internal
                0x0000151c                bsp_init
 .text.__assert_func
                0x00001520        0x4 ./ra/fsp/src/bsp/mcu/all/bsp_common.o
                0x00001520                __assert_func
 .text.bsp_prv_software_delay_loop
                0x00001524        0xc ./ra/fsp/src/bsp/mcu/all/bsp_delay.o
                0x00001524                bsp_prv_software_delay_loop
 .text.R_BSP_SoftwareDelay
                0x00001530       0x58 ./ra/fsp/src/bsp/mcu/all/bsp_delay.o
                0x00001530                R_BSP_SoftwareDelay
 .text.NMI_Handler
                0x00001588       0x3c ./ra/fsp/src/bsp/mcu/all/bsp_group_irq.o
                0x00001588                NMI_Handler
 .text.bsp_irq_cfg
                0x000015c4       0xb8 ./ra/fsp/src/bsp/mcu/all/bsp_irq.o
                0x000015c4                bsp_irq_cfg
 .text.R_BSP_RegisterProtectEnable
                0x0000167c       0x60 ./ra/fsp/src/bsp/mcu/all/bsp_register_protection.o
                0x0000167c                R_BSP_RegisterProtectEnable
 .text.R_BSP_RegisterProtectDisable
                0x000016dc       0x54 ./ra/fsp/src/bsp/mcu/all/bsp_register_protection.o
                0x000016dc                R_BSP_RegisterProtectDisable
 .text._sbrk    0x00001730       0x14 ./ra/fsp/src/bsp/mcu/all/bsp_sbrk.o
                0x00001730                _sbrk
 .text.Default_Handler
                0x00001744        0x4 ./ra/fsp/src/bsp/cmsis/Device/RENESAS/Source/startup.o
                0x00001744                DebugMon_Handler
                0x00001744                HardFault_Handler
                0x00001744                SysTick_Handler
                0x00001744                PendSV_Handler
                0x00001744                UsageFault_Handler
                0x00001744                SecureFault_Handler
                0x00001744                Default_Handler
                0x00001744                MemManage_Handler
                0x00001744                SVC_Handler
                0x00001744                BusFault_Handler
 .text.Reset_Handler
                0x00001748        0xc ./ra/fsp/src/bsp/cmsis/Device/RENESAS/Source/startup.o
                0x00001748                Reset_Handler
 .text.SystemRuntimeInit
                0x00001754       0x64 ./ra/fsp/src/bsp/cmsis/Device/RENESAS/Source/system.o
 .text.SystemInit
                0x000017b8       0xbc ./ra/fsp/src/bsp/cmsis/Device/RENESAS/Source/system.o
                0x000017b8                SystemInit
 .text.__cvt    0x00001874       0xca D:/e2studio/toolchains/gcc_arm/13.2.rel1/bin/../lib/gcc/arm-none-eabi/13.2.1/thumb/v8-m.main+fp/hard\libg_nano.a(libc_a-nano-vfprintf_float.o)
                0x00001874                __cvt
 .text.__exponent
                0x0000193e       0x72 D:/e2studio/toolchains/gcc_arm/13.2.rel1/bin/../lib/gcc/arm-none-eabi/13.2.1/thumb/v8-m.main+fp/hard\libg_nano.a(libc_a-nano-vfprintf_float.o)
                0x0000193e                __exponent
 .text._printf_float
                0x000019b0      0x454 D:/e2studio/toolchains/gcc_arm/13.2.rel1/bin/../lib/gcc/arm-none-eabi/13.2.1/thumb/v8-m.main+fp/hard\libg_nano.a(libc_a-nano-vfprintf_float.o)
                0x000019b0                _printf_float
 .text._printf_common
                0x00001e04       0xe4 D:/e2studio/toolchains/gcc_arm/13.2.rel1/bin/../lib/gcc/arm-none-eabi/13.2.1/thumb/v8-m.main+fp/hard\libg_nano.a(libc_a-nano-vfprintf_i.o)
                0x00001e04                _printf_common
 .text.memset   0x00001ee8       0x10 D:/e2studio/toolchains/gcc_arm/13.2.rel1/bin/../lib/gcc/arm-none-eabi/13.2.1/thumb/v8-m.main+fp/hard\libg_nano.a(libc_a-memset.o)
                0x00001ee8                memset
 .text._localeconv_r
                0x00001ef8        0x8 D:/e2studio/toolchains/gcc_arm/13.2.rel1/bin/../lib/gcc/arm-none-eabi/13.2.1/thumb/v8-m.main+fp/hard\libg_nano.a(libc_a-localeconv.o)
                0x00001ef8                _localeconv_r
 .text.__errno  0x00001f00        0xc D:/e2studio/toolchains/gcc_arm/13.2.rel1/bin/../lib/gcc/arm-none-eabi/13.2.1/thumb/v8-m.main+fp/hard\libg_nano.a(libc_a-errno.o)
                0x00001f00                __errno
 .text.__retarget_lock_acquire_recursive
                0x00001f0c        0x2 D:/e2studio/toolchains/gcc_arm/13.2.rel1/bin/../lib/gcc/arm-none-eabi/13.2.1/thumb/v8-m.main+fp/hard\libg_nano.a(libc_a-lock.o)
                0x00001f0c                __retarget_lock_acquire_recursive
 .text.__retarget_lock_release_recursive
                0x00001f0e        0x2 D:/e2studio/toolchains/gcc_arm/13.2.rel1/bin/../lib/gcc/arm-none-eabi/13.2.1/thumb/v8-m.main+fp/hard\libg_nano.a(libc_a-lock.o)
                0x00001f0e                __retarget_lock_release_recursive
 .text.memcpy   0x00001f10       0x1a D:/e2studio/toolchains/gcc_arm/13.2.rel1/bin/../lib/gcc/arm-none-eabi/13.2.1/thumb/v8-m.main+fp/hard\libg_nano.a(libc_a-memcpy-stub.o)
                0x00001f10                memcpy
 .text          0x00001f2a       0x10 D:/e2studio/toolchains/gcc_arm/13.2.rel1/bin/../lib/gcc/arm-none-eabi/13.2.1/thumb/v8-m.main+fp/hard\libg_nano.a(libc_a-strlen.o)
                0x00001f2a                strlen
 .text.quorem   0x00001f3a      0x11a D:/e2studio/toolchains/gcc_arm/13.2.rel1/bin/../lib/gcc/arm-none-eabi/13.2.1/thumb/v8-m.main+fp/hard\libg_nano.a(libc_a-dtoa.o)
 *fill*         0x00002054        0x4 
 .text._dtoa_r  0x00002058      0xb7c D:/e2studio/toolchains/gcc_arm/13.2.rel1/bin/../lib/gcc/arm-none-eabi/13.2.1/thumb/v8-m.main+fp/hard\libg_nano.a(libc_a-dtoa.o)
                0x00002058                _dtoa_r
 .text.malloc   0x00002bd4       0x10 D:/e2studio/toolchains/gcc_arm/13.2.rel1/bin/../lib/gcc/arm-none-eabi/13.2.1/thumb/v8-m.main+fp/hard\libg_nano.a(libc_a-malloc.o)
                0x00002bd4                malloc
 .text.sbrk_aligned
                0x00002be4       0x44 D:/e2studio/toolchains/gcc_arm/13.2.rel1/bin/../lib/gcc/arm-none-eabi/13.2.1/thumb/v8-m.main+fp/hard\libg_nano.a(libc_a-mallocr.o)
 .text._malloc_r
                0x00002c28      0x100 D:/e2studio/toolchains/gcc_arm/13.2.rel1/bin/../lib/gcc/arm-none-eabi/13.2.1/thumb/v8-m.main+fp/hard\libg_nano.a(libc_a-mallocr.o)
                0x00002c28                _malloc_r
 .text.__malloc_lock
                0x00002d28        0xc D:/e2studio/toolchains/gcc_arm/13.2.rel1/bin/../lib/gcc/arm-none-eabi/13.2.1/thumb/v8-m.main+fp/hard\libg_nano.a(libc_a-mlock.o)
                0x00002d28                __malloc_lock
 .text.__malloc_unlock
                0x00002d34        0xc D:/e2studio/toolchains/gcc_arm/13.2.rel1/bin/../lib/gcc/arm-none-eabi/13.2.1/thumb/v8-m.main+fp/hard\libg_nano.a(libc_a-mlock.o)
                0x00002d34                __malloc_unlock
 .text._Balloc  0x00002d40       0x80 D:/e2studio/toolchains/gcc_arm/13.2.rel1/bin/../lib/gcc/arm-none-eabi/13.2.1/thumb/v8-m.main+fp/hard\libg_nano.a(libc_a-mprec.o)
                0x00002d40                _Balloc
 .text._Bfree   0x00002dc0       0x44 D:/e2studio/toolchains/gcc_arm/13.2.rel1/bin/../lib/gcc/arm-none-eabi/13.2.1/thumb/v8-m.main+fp/hard\libg_nano.a(libc_a-mprec.o)
                0x00002dc0                _Bfree
 .text.__multadd
                0x00002e04       0x90 D:/e2studio/toolchains/gcc_arm/13.2.rel1/bin/../lib/gcc/arm-none-eabi/13.2.1/thumb/v8-m.main+fp/hard\libg_nano.a(libc_a-mprec.o)
                0x00002e04                __multadd
 .text.__hi0bits
                0x00002e94       0x3e D:/e2studio/toolchains/gcc_arm/13.2.rel1/bin/../lib/gcc/arm-none-eabi/13.2.1/thumb/v8-m.main+fp/hard\libg_nano.a(libc_a-mprec.o)
                0x00002e94                __hi0bits
 .text.__lo0bits
                0x00002ed2       0x5a D:/e2studio/toolchains/gcc_arm/13.2.rel1/bin/../lib/gcc/arm-none-eabi/13.2.1/thumb/v8-m.main+fp/hard\libg_nano.a(libc_a-mprec.o)
                0x00002ed2                __lo0bits
 .text.__i2b    0x00002f2c       0x2c D:/e2studio/toolchains/gcc_arm/13.2.rel1/bin/../lib/gcc/arm-none-eabi/13.2.1/thumb/v8-m.main+fp/hard\libg_nano.a(libc_a-mprec.o)
                0x00002f2c                __i2b
 .text.__multiply
                0x00002f58      0x148 D:/e2studio/toolchains/gcc_arm/13.2.rel1/bin/../lib/gcc/arm-none-eabi/13.2.1/thumb/v8-m.main+fp/hard\libg_nano.a(libc_a-mprec.o)
                0x00002f58                __multiply
 .text.__pow5mult
                0x000030a0       0xb4 D:/e2studio/toolchains/gcc_arm/13.2.rel1/bin/../lib/gcc/arm-none-eabi/13.2.1/thumb/v8-m.main+fp/hard\libg_nano.a(libc_a-mprec.o)
                0x000030a0                __pow5mult
 .text.__lshift
                0x00003154       0xd8 D:/e2studio/toolchains/gcc_arm/13.2.rel1/bin/../lib/gcc/arm-none-eabi/13.2.1/thumb/v8-m.main+fp/hard\libg_nano.a(libc_a-mprec.o)
                0x00003154                __lshift
 .text.__mcmp   0x0000322c       0x36 D:/e2studio/toolchains/gcc_arm/13.2.rel1/bin/../lib/gcc/arm-none-eabi/13.2.1/thumb/v8-m.main+fp/hard\libg_nano.a(libc_a-mprec.o)
                0x0000322c                __mcmp
 *fill*         0x00003262        0x2 
 .text.__mdiff  0x00003264      0x130 D:/e2studio/toolchains/gcc_arm/13.2.rel1/bin/../lib/gcc/arm-none-eabi/13.2.1/thumb/v8-m.main+fp/hard\libg_nano.a(libc_a-mprec.o)
                0x00003264                __mdiff
 .text.__d2b    0x00003394       0xb0 D:/e2studio/toolchains/gcc_arm/13.2.rel1/bin/../lib/gcc/arm-none-eabi/13.2.1/thumb/v8-m.main+fp/hard\libg_nano.a(libc_a-mprec.o)
                0x00003394                __d2b
 .text._sbrk_r  0x00003444       0x20 D:/e2studio/toolchains/gcc_arm/13.2.rel1/bin/../lib/gcc/arm-none-eabi/13.2.1/thumb/v8-m.main+fp/hard\libg_nano.a(libc_a-sbrkr.o)
                0x00003444                _sbrk_r
 .text._calloc_r
                0x00003464       0x28 D:/e2studio/toolchains/gcc_arm/13.2.rel1/bin/../lib/gcc/arm-none-eabi/13.2.1/thumb/v8-m.main+fp/hard\libg_nano.a(libc_a-callocr.o)
                0x00003464                _calloc_r
 .text.__ascii_mbtowc
                0x0000348c       0x24 D:/e2studio/toolchains/gcc_arm/13.2.rel1/bin/../lib/gcc/arm-none-eabi/13.2.1/thumb/v8-m.main+fp/hard\libg_nano.a(libc_a-mbtowc_r.o)
                0x0000348c                __ascii_mbtowc
 .text.__ascii_wctomb
                0x000034b0       0x1a D:/e2studio/toolchains/gcc_arm/13.2.rel1/bin/../lib/gcc/arm-none-eabi/13.2.1/thumb/v8-m.main+fp/hard\libg_nano.a(libc_a-wctomb_r.o)
                0x000034b0                __ascii_wctomb
 *fill*         0x000034ca        0x2 
 .text          0x000034cc      0x378 D:/e2studio/toolchains/gcc_arm/13.2.rel1/bin/../lib/gcc/arm-none-eabi/13.2.1/thumb/v8-m.main+fp/hard\libgcc.a(_arm_addsubdf3.o)
                0x000034cc                __aeabi_drsub
                0x000034d4                __aeabi_dsub
                0x000034d4                __subdf3
                0x000034d8                __aeabi_dadd
                0x000034d8                __adddf3
                0x00003750                __floatunsidf
                0x00003750                __aeabi_ui2d
                0x00003770                __floatsidf
                0x00003770                __aeabi_i2d
                0x00003794                __aeabi_f2d
                0x00003794                __extendsfdf2
                0x000037d8                __floatundidf
                0x000037d8                __aeabi_ul2d
                0x000037e8                __floatdidf
                0x000037e8                __aeabi_l2d
 .text          0x00003844      0x424 D:/e2studio/toolchains/gcc_arm/13.2.rel1/bin/../lib/gcc/arm-none-eabi/13.2.1/thumb/v8-m.main+fp/hard\libgcc.a(_arm_muldivdf3.o)
                0x00003844                __aeabi_dmul
                0x00003844                __muldf3
                0x00003a98                __divdf3
                0x00003a98                __aeabi_ddiv
 .text          0x00003c68      0x110 D:/e2studio/toolchains/gcc_arm/13.2.rel1/bin/../lib/gcc/arm-none-eabi/13.2.1/thumb/v8-m.main+fp/hard\libgcc.a(_arm_cmpdf2.o)
                0x00003c68                __gtdf2
                0x00003c68                __gedf2
                0x00003c70                __ltdf2
                0x00003c70                __ledf2
                0x00003c78                __nedf2
                0x00003c78                __eqdf2
                0x00003c78                __cmpdf2
                0x00003cf4                __aeabi_cdrcmple
                0x00003d04                __aeabi_cdcmpeq
                0x00003d04                __aeabi_cdcmple
                0x00003d14                __aeabi_dcmpeq
                0x00003d28                __aeabi_dcmplt
                0x00003d3c                __aeabi_dcmple
                0x00003d50                __aeabi_dcmpge
                0x00003d64                __aeabi_dcmpgt
 .text          0x00003d78       0x2c D:/e2studio/toolchains/gcc_arm/13.2.rel1/bin/../lib/gcc/arm-none-eabi/13.2.1/thumb/v8-m.main+fp/hard\libgcc.a(_arm_unorddf2.o)
                0x00003d78                __unorddf2
                0x00003d78                __aeabi_dcmpun
 .text          0x00003da4       0x50 D:/e2studio/toolchains/gcc_arm/13.2.rel1/bin/../lib/gcc/arm-none-eabi/13.2.1/thumb/v8-m.main+fp/hard\libgcc.a(_arm_fixdfsi.o)
                0x00003da4                __aeabi_d2iz
                0x00003da4                __fixdfsi
 *(.rodata*)
 .rodata.motor_bsp_init.str1.4
                0x00003df4       0x67 ./src/bsp/bsp_motor.o
 *fill*         0x00003e5b        0x1 
 .rodata.__func__.0
                0x00003e5c        0xf ./src/bsp/bsp_motor.o
 *fill*         0x00003e6b        0x1 
 .rodata.s_weights
                0x00003e6c       0x20 ./src/app/APP_MOTOR.o
 .rodata.g_timer1_cfg
                0x00003e8c       0x20 ./ra_gen/hal_data.o
                0x00003e8c                g_timer1_cfg
 .rodata.g_timer1_extend
                0x00003eac       0x58 ./ra_gen/hal_data.o
                0x00003eac                g_timer1_extend
 .rodata.g_timer2_cfg
                0x00003f04       0x20 ./ra_gen/hal_data.o
                0x00003f04                g_timer2_cfg
 .rodata.g_timer2_extend
                0x00003f24       0x58 ./ra_gen/hal_data.o
                0x00003f24                g_timer2_extend
 .rodata.g_bsp_pin_cfg
                0x00003f7c        0xc ./ra_gen/pin_data.o
                0x00003f7c                g_bsp_pin_cfg
 .rodata.g_bsp_pin_cfg_data
                0x00003f88       0x70 ./ra_gen/pin_data.o
                0x00003f88                g_bsp_pin_cfg_data
 .rodata.g_interrupt_event_link_select
                0x00003ff8        0x8 ./ra_gen/vector_data.o
                0x00003ff8                g_interrupt_event_link_select
 .rodata.g_vbatt_pins_input
                0x00004000        0x6 ./ra/fsp/src/r_ioport/r_ioport.o
 *fill*         0x00004006        0x2 
 .rodata.g_init_info
                0x00004008       0x10 ./ra/fsp/src/bsp/mcu/ra4m2/bsp_linker.o
                0x00004008                g_init_info
 .rodata.copy_list
                0x00004018       0x30 ./ra/fsp/src/bsp/mcu/ra4m2/bsp_linker.o
 .rodata.zero_list
                0x00004048        0xc ./ra/fsp/src/bsp/mcu/ra4m2/bsp_linker.o
 .rodata.g_prcr_masks
                0x00004054        0xa ./ra/fsp/src/bsp/mcu/all/bsp_register_protection.o
 .rodata._printf_float.str1.1
                0x0000405e      0x104 D:/e2studio/toolchains/gcc_arm/13.2.rel1/bin/../lib/gcc/arm-none-eabi/13.2.1/thumb/v8-m.main+fp/hard\libg_nano.a(libc_a-nano-vfprintf_float.o)
                                 0x12 (size before relaxing)
 .rodata._dtoa_r.str1.1
                0x00004162       0x90 D:/e2studio/toolchains/gcc_arm/13.2.rel1/bin/../lib/gcc/arm-none-eabi/13.2.1/thumb/v8-m.main+fp/hard\libg_nano.a(libc_a-dtoa.o)
 .rodata._Balloc.str1.1
                0x00004162       0x71 D:/e2studio/toolchains/gcc_arm/13.2.rel1/bin/../lib/gcc/arm-none-eabi/13.2.1/thumb/v8-m.main+fp/hard\libg_nano.a(libc_a-mprec.o)
 .rodata.__multadd.str1.1
                0x00004162       0x11 D:/e2studio/toolchains/gcc_arm/13.2.rel1/bin/../lib/gcc/arm-none-eabi/13.2.1/thumb/v8-m.main+fp/hard\libg_nano.a(libc_a-mprec.o)
 *fill*         0x00004162        0x2 
 .rodata.p05.0  0x00004164        0xc D:/e2studio/toolchains/gcc_arm/13.2.rel1/bin/../lib/gcc/arm-none-eabi/13.2.1/thumb/v8-m.main+fp/hard\libg_nano.a(libc_a-mprec.o)
 .rodata.__mprec_bigtens
                0x00004170       0x28 D:/e2studio/toolchains/gcc_arm/13.2.rel1/bin/../lib/gcc/arm-none-eabi/13.2.1/thumb/v8-m.main+fp/hard\libg_nano.a(libc_a-mprec.o)
                0x00004170                __mprec_bigtens
 .rodata.__mprec_tens
                0x00004198       0xc8 D:/e2studio/toolchains/gcc_arm/13.2.rel1/bin/../lib/gcc/arm-none-eabi/13.2.1/thumb/v8-m.main+fp/hard\libg_nano.a(libc_a-mprec.o)
                0x00004198                __mprec_tens
 .rodata._setlocale_r.str1.1
                0x00004260        0x9 D:/e2studio/toolchains/gcc_arm/13.2.rel1/bin/../lib/gcc/arm-none-eabi/13.2.1/thumb/v8-m.main+fp/hard\libg_nano.a(libc_a-locale.o)
 .rodata.str1.1
                0x00004260        0x2 D:/e2studio/toolchains/gcc_arm/13.2.rel1/bin/../lib/gcc/arm-none-eabi/13.2.1/thumb/v8-m.main+fp/hard\libg_nano.a(libc_a-locale.o)
 .rodata._ctype_
                0x00004260      0x101 D:/e2studio/toolchains/gcc_arm/13.2.rel1/bin/../lib/gcc/arm-none-eabi/13.2.1/thumb/v8-m.main+fp/hard\libg_nano.a(libc_a-ctype_.o)
                0x00004260                _ctype_
 *(.mcuboot_sce9_key)
 *(.version)
 *fill*         0x00004361        0x3 
 .version       0x00004364       0x50 ./ra/fsp/src/bsp/mcu/all/bsp_common.o
                0x000043b4                        __flash_readonly$$Limit = .

.glue_7         0x000043b4        0x0
 .glue_7        0x000043b4        0x0 linker stubs

.glue_7t        0x000043b4        0x0
 .glue_7t       0x000043b4        0x0 linker stubs

.vfp11_veneer   0x000043b4        0x0
 .vfp11_veneer  0x000043b4        0x0 linker stubs

.v4_bx          0x000043b4        0x0
 .v4_bx         0x000043b4        0x0 linker stubs

.init           0x000043b4        0x4
 .init          0x000043b4        0x4 D:/e2studio/toolchains/gcc_arm/13.2.rel1/bin/../lib/gcc/arm-none-eabi/13.2.1/thumb/v8-m.main+fp/hard/crti.o
                0x000043b4                _init

.fini           0x000043b8        0x4
 .fini          0x000043b8        0x4 D:/e2studio/toolchains/gcc_arm/13.2.rel1/bin/../lib/gcc/arm-none-eabi/13.2.1/thumb/v8-m.main+fp/hard/crti.o
                0x000043b8                _fini

.iplt           0x000043bc        0x0
 .iplt          0x000043bc        0x0 D:/e2studio/toolchains/gcc_arm/13.2.rel1/bin/../lib/gcc/arm-none-eabi/13.2.1/thumb/v8-m.main+fp/hard/crtbegin.o

__flash_ctor$$
 *crtbegin.o(.ctors)
 *crtbegin?.o(.ctors)
 EXCLUDE_FILE(*crtend.o *crtend?.o) *(.ctors)
 *(SORT_BY_NAME(.ctors.*))
 *(.ctors)
 *crtbegin.o(.dtors)
 *crtbegin?.o(.dtors)
 EXCLUDE_FILE(*crtend.o *crtend?.o) *(.dtors)
 *(SORT_BY_NAME(.dtors.*))
 *(.dtors)

__flash_preinit_array$$
                0x000043bc        0x0
                0x000043bc                        __preinit_array_start = .
 *(.preinit_array)
                0x000043bc                        __preinit_array_end = .

__flash_.got$$
 *(.got.plt)
 *(.got)

__flash_init_array$$
                0x000043bc        0x4
                0x000043bc                        __init_array_start = .
 *(SORT_BY_NAME(.init_array.*))
 *(.init_array)
 .init_array    0x000043bc        0x4 D:/e2studio/toolchains/gcc_arm/13.2.rel1/bin/../lib/gcc/arm-none-eabi/13.2.1/thumb/v8-m.main+fp/hard/crtbegin.o
                0x000043c0                        __init_array_end = .

__flash_fini_array$$
                0x000043c0        0x4
                0x000043c0                        __fini_array_start = .
 *(SORT_BY_NAME(.fini_array.*))
 *(.fini_array)
 .fini_array    0x000043c0        0x4 D:/e2studio/toolchains/gcc_arm/13.2.rel1/bin/../lib/gcc/arm-none-eabi/13.2.1/thumb/v8-m.main+fp/hard/crtbegin.o
                0x000043c4                        __fini_array_end = .

__flash_arm.extab$$
 *(.ARM.extab*)
 *(.gnu.linkonce.armextab.*)

__flash_arm.exidx$$
                0x000043c4        0x8
                0x000043c4                        __exidx_start = .
 *(.ARM.exidx*)
 .ARM.exidx     0x000043c4        0x8 D:/e2studio/toolchains/gcc_arm/13.2.rel1/bin/../lib/gcc/arm-none-eabi/13.2.1/thumb/v8-m.main+fp/hard\libg_nano.a(libc_a-strlen.o)
 *(.gnu.linkonce.armexidx.*)
                0x000043cc                        __exidx_end = .

.flash.endof    0x00004400        0x0
                0x00004400                        __ddsc_FLASH_END = .

.flash.flat_nsc
                0x00004400        0x0
                0x00004400                        __ddsc_FLASH_NSC = .

.option_setting_ofs0.startof
                0x0100a100        0x0
                0x0100a100                        __ddsc_OPTION_SETTING_OFS0_START = .

__option_setting_ofs0_reg$$
                0x0100a100        0x4
                0x0100a100                        __option_setting_ofs0_reg$$Base = .
 *(.option_setting_ofs0)
 .option_setting_ofs0
                0x0100a100        0x4 ./ra/fsp/src/bsp/mcu/ra4m2/bsp_linker.o
                0x0100a104                        __option_setting_ofs0_reg$$Limit = .

.option_setting_ofs0.endof
                0x0100a104        0x0
                0x0100a104                        __ddsc_OPTION_SETTING_OFS0_END = .

.option_setting_ofs1.startof
                0x0100a180        0x0
                0x0100a180                        __ddsc_OPTION_SETTING_OFS1_START = .

__option_setting_ofs1_reg$$
                0x0100a180        0x0
                0x0100a180                        __option_setting_ofs1_reg$$Base = .
 *(.option_setting_ofs1)
                0x0100a180                        __option_setting_ofs1_reg$$Limit = .

.option_setting_ofs1.endof
                0x0100a180        0x0
                0x0100a180                        __ddsc_OPTION_SETTING_OFS1_END = .

.option_setting_bps.startof
                0x0100a1c0        0x0
                0x0100a1c0                        __ddsc_OPTION_SETTING_BPS_START = .

__option_setting_bps_reg$$
                0x0100a1c0        0x0
                0x0100a1c0                        __option_setting_bps_reg$$Base = .
 *(.option_setting_bps)
                0x0100a1c0                        __option_setting_bps_reg$$Limit = .

.option_setting_bps.endof
                0x0100a1c0        0x0
                0x0100a1c0                        __ddsc_OPTION_SETTING_BPS_END = .

.option_setting_pbps.startof
                0x0100a1e0        0x0
                0x0100a1e0                        __ddsc_OPTION_SETTING_PBPS_START = .

__option_setting_pbps_reg$$
                0x0100a1e0        0x0
                0x0100a1e0                        __option_setting_pbps_reg$$Base = .
 *(.option_setting_pbps)
                0x0100a1e0                        __option_setting_pbps_reg$$Limit = .

.option_setting_pbps.endof
                0x0100a1e0        0x0
                0x0100a1e0                        __ddsc_OPTION_SETTING_PBPS_END = .

.option_setting_ofs1_sec.startof
                0x0100a200        0x0
                0x0100a200                        __ddsc_OPTION_SETTING_OFS1_SEC_START = .

__option_setting_ofs1_sec_reg$$
                0x0100a200        0x4
                0x0100a200                        __option_setting_ofs1_sec_reg$$Base = .
 *(.option_setting_ofs1_sec)
 .option_setting_ofs1_sec
                0x0100a200        0x4 ./ra/fsp/src/bsp/mcu/ra4m2/bsp_linker.o
                0x0100a204                        __option_setting_ofs1_sec_reg$$Limit = .

.option_setting_ofs1_sec.endof
                0x0100a204        0x0
                0x0100a204                        __ddsc_OPTION_SETTING_OFS1_SEC_END = .

.option_setting_bps_sec.startof
                0x0100a240        0x0
                0x0100a240                        __ddsc_OPTION_SETTING_BPS_SEC_START = .

__option_setting_bps_sec_reg$$
                0x0100a240        0x0
                0x0100a240                        __option_setting_bps_sec_reg$$Base = .
 *(.option_setting_bps_sec)
                0x0100a240                        __option_setting_bps_sec_reg$$Limit = .

.option_setting_bps_sec.endof
                0x0100a240        0x0
                0x0100a240                        __ddsc_OPTION_SETTING_BPS_SEC_END = .

.option_setting_pbps_sec.startof
                0x0100a260        0x0
                0x0100a260                        __ddsc_OPTION_SETTING_PBPS_SEC_START = .

__option_setting_pbps_sec_reg$$
                0x0100a260        0x0
                0x0100a260                        __option_setting_pbps_sec_reg$$Base = .
 *(.option_setting_pbps_sec)
                0x0100a260                        __option_setting_pbps_sec_reg$$Limit = .

.option_setting_pbps_sec.endof
                0x0100a260        0x0
                0x0100a260                        __ddsc_OPTION_SETTING_PBPS_SEC_END = .

.option_setting_ofs1_sel.startof
                0x0100a280        0x0
                0x0100a280                        __ddsc_OPTION_SETTING_OFS1_SEL_START = .

__option_setting_ofs1_sel_reg$$
                0x0100a280        0x4
                0x0100a280                        __option_setting_ofs1_sel_reg$$Base = .
 *(.option_setting_ofs1_sel)
 .option_setting_ofs1_sel
                0x0100a280        0x4 ./ra/fsp/src/bsp/mcu/ra4m2/bsp_linker.o
                0x0100a284                        __option_setting_ofs1_sel_reg$$Limit = .

.eh_frame       0x0100a284        0x0
 .eh_frame      0x0100a284        0x0 D:/e2studio/toolchains/gcc_arm/13.2.rel1/bin/../lib/gcc/arm-none-eabi/13.2.1/thumb/v8-m.main+fp/hard/crtbegin.o

.rel.dyn        0x0100a284        0x0
 .rel.iplt      0x0100a284        0x0 D:/e2studio/toolchains/gcc_arm/13.2.rel1/bin/../lib/gcc/arm-none-eabi/13.2.1/thumb/v8-m.main+fp/hard/crtbegin.o

.option_setting_ofs1_sel.endof
                0x0100a284        0x0
                0x0100a284                        __ddsc_OPTION_SETTING_OFS1_SEL_END = .

.option_setting_bps_sel.startof
                0x0100a2c0        0x0
                0x0100a2c0                        __ddsc_OPTION_SETTING_BPS_SEL_START = .

__option_setting_bps_sel_reg$$
                0x0100a2c0        0x0
                0x0100a2c0                        __option_setting_bps_sel_reg$$Base = .
 *(.option_setting_bps_sel)
                0x0100a2c0                        __option_setting_bps_sel_reg$$Limit = .

.option_setting_bps_sel.endof
                0x0100a2c0        0x0
                0x0100a2c0                        __ddsc_OPTION_SETTING_BPS_SEL_END = .
OUTPUT(game_project1.elf elf32-littlearm)
LOAD linker stubs

.ARM.attributes
                0x00000000       0x36
 .ARM.attributes
                0x00000000       0x26 D:/e2studio/toolchains/gcc_arm/13.2.rel1/bin/../lib/gcc/arm-none-eabi/13.2.1/thumb/v8-m.main+fp/hard/crti.o
 .ARM.attributes
                0x00000026       0x38 D:/e2studio/toolchains/gcc_arm/13.2.rel1/bin/../lib/gcc/arm-none-eabi/13.2.1/thumb/v8-m.main+fp/hard/crtbegin.o
 .ARM.attributes
                0x0000005e       0x3a ./src/bsp/bsp_motor.o
 .ARM.attributes
                0x00000098       0x3a ./src/bsp/bsp_track.o
 .ARM.attributes
                0x000000d2       0x3a ./src/app/APP_MOTOR.o
 .ARM.attributes
                0x0000010c       0x3a ./src/algorithm/pid.o
 .ARM.attributes
                0x00000146       0x3a ./src/hal_entry.o
 .ARM.attributes
                0x00000180       0x3a ./src/hal_warmstart.o
 .ARM.attributes
                0x000001ba       0x3a ./ra_gen/common_data.o
 .ARM.attributes
                0x000001f4       0x3a ./ra_gen/hal_data.o
 .ARM.attributes
                0x0000022e       0x3a ./ra_gen/main.o
 .ARM.attributes
                0x00000268       0x3a ./ra_gen/pin_data.o
 .ARM.attributes
                0x000002a2       0x3a ./ra_gen/vector_data.o
 .ARM.attributes
                0x000002dc       0x3a ./ra/fsp/src/r_sci_uart/r_sci_uart.o
 .ARM.attributes
                0x00000316       0x3a ./ra/fsp/src/r_ioport/r_ioport.o
 .ARM.attributes
                0x00000350       0x3a ./ra/fsp/src/r_gpt/r_gpt.o
 .ARM.attributes
                0x0000038a       0x3a ./ra/fsp/src/bsp/mcu/ra4m2/bsp_linker.o
 .ARM.attributes
                0x000003c4       0x3a ./ra/fsp/src/bsp/mcu/all/bsp_clocks.o
 .ARM.attributes
                0x000003fe       0x3a ./ra/fsp/src/bsp/mcu/all/bsp_common.o
 .ARM.attributes
                0x00000438       0x3a ./ra/fsp/src/bsp/mcu/all/bsp_delay.o
 .ARM.attributes
                0x00000472       0x3a ./ra/fsp/src/bsp/mcu/all/bsp_group_irq.o
 .ARM.attributes
                0x000004ac       0x3a ./ra/fsp/src/bsp/mcu/all/bsp_io.o
 .ARM.attributes
                0x000004e6       0x3a ./ra/fsp/src/bsp/mcu/all/bsp_irq.o
 .ARM.attributes
                0x00000520       0x3a ./ra/fsp/src/bsp/mcu/all/bsp_register_protection.o
 .ARM.attributes
                0x0000055a       0x3a ./ra/fsp/src/bsp/mcu/all/bsp_sbrk.o
 .ARM.attributes
                0x00000594       0x3a ./ra/fsp/src/bsp/cmsis/Device/RENESAS/Source/startup.o
 .ARM.attributes
                0x000005ce       0x3a ./ra/fsp/src/bsp/cmsis/Device/RENESAS/Source/system.o
 .ARM.attributes
                0x00000608       0x38 D:/e2studio/toolchains/gcc_arm/13.2.rel1/bin/../lib/gcc/arm-none-eabi/13.2.1/thumb/v8-m.main+fp/hard\libg_nano.a(libc_a-nano-vfprintf_float.o)
 .ARM.attributes
                0x00000640       0x38 D:/e2studio/toolchains/gcc_arm/13.2.rel1/bin/../lib/gcc/arm-none-eabi/13.2.1/thumb/v8-m.main+fp/hard\libg_nano.a(libc_a-nano-vfprintf_i.o)
 .ARM.attributes
                0x00000678       0x38 D:/e2studio/toolchains/gcc_arm/13.2.rel1/bin/../lib/gcc/arm-none-eabi/13.2.1/thumb/v8-m.main+fp/hard\libg_nano.a(libc_a-findfp.o)
 .ARM.attributes
                0x000006b0       0x38 D:/e2studio/toolchains/gcc_arm/13.2.rel1/bin/../lib/gcc/arm-none-eabi/13.2.1/thumb/v8-m.main+fp/hard\libg_nano.a(libc_a-memset.o)
 .ARM.attributes
                0x000006e8       0x38 D:/e2studio/toolchains/gcc_arm/13.2.rel1/bin/../lib/gcc/arm-none-eabi/13.2.1/thumb/v8-m.main+fp/hard\libg_nano.a(libc_a-localeconv.o)
 .ARM.attributes
                0x00000720       0x38 D:/e2studio/toolchains/gcc_arm/13.2.rel1/bin/../lib/gcc/arm-none-eabi/13.2.1/thumb/v8-m.main+fp/hard\libg_nano.a(libc_a-reent.o)
 .ARM.attributes
                0x00000758       0x38 D:/e2studio/toolchains/gcc_arm/13.2.rel1/bin/../lib/gcc/arm-none-eabi/13.2.1/thumb/v8-m.main+fp/hard\libg_nano.a(libc_a-impure.o)
 .ARM.attributes
                0x00000790       0x38 D:/e2studio/toolchains/gcc_arm/13.2.rel1/bin/../lib/gcc/arm-none-eabi/13.2.1/thumb/v8-m.main+fp/hard\libg_nano.a(libc_a-errno.o)
 .ARM.attributes
                0x000007c8       0x38 D:/e2studio/toolchains/gcc_arm/13.2.rel1/bin/../lib/gcc/arm-none-eabi/13.2.1/thumb/v8-m.main+fp/hard\libg_nano.a(libc_a-lock.o)
 .ARM.attributes
                0x00000800       0x38 D:/e2studio/toolchains/gcc_arm/13.2.rel1/bin/../lib/gcc/arm-none-eabi/13.2.1/thumb/v8-m.main+fp/hard\libg_nano.a(libc_a-memcpy-stub.o)
 .ARM.attributes
                0x00000838       0x24 D:/e2studio/toolchains/gcc_arm/13.2.rel1/bin/../lib/gcc/arm-none-eabi/13.2.1/thumb/v8-m.main+fp/hard\libg_nano.a(libc_a-strlen.o)
 .ARM.attributes
                0x0000085c       0x38 D:/e2studio/toolchains/gcc_arm/13.2.rel1/bin/../lib/gcc/arm-none-eabi/13.2.1/thumb/v8-m.main+fp/hard\libg_nano.a(libc_a-dtoa.o)
 .ARM.attributes
                0x00000894       0x38 D:/e2studio/toolchains/gcc_arm/13.2.rel1/bin/../lib/gcc/arm-none-eabi/13.2.1/thumb/v8-m.main+fp/hard\libg_nano.a(libc_a-malloc.o)
 .ARM.attributes
                0x000008cc       0x38 D:/e2studio/toolchains/gcc_arm/13.2.rel1/bin/../lib/gcc/arm-none-eabi/13.2.1/thumb/v8-m.main+fp/hard\libg_nano.a(libc_a-mallocr.o)
 .ARM.attributes
                0x00000904       0x38 D:/e2studio/toolchains/gcc_arm/13.2.rel1/bin/../lib/gcc/arm-none-eabi/13.2.1/thumb/v8-m.main+fp/hard\libg_nano.a(libc_a-mlock.o)
 .ARM.attributes
                0x0000093c       0x38 D:/e2studio/toolchains/gcc_arm/13.2.rel1/bin/../lib/gcc/arm-none-eabi/13.2.1/thumb/v8-m.main+fp/hard\libg_nano.a(libc_a-mprec.o)
 .ARM.attributes
                0x00000974       0x38 D:/e2studio/toolchains/gcc_arm/13.2.rel1/bin/../lib/gcc/arm-none-eabi/13.2.1/thumb/v8-m.main+fp/hard\libg_nano.a(libc_a-locale.o)
 .ARM.attributes
                0x000009ac       0x38 D:/e2studio/toolchains/gcc_arm/13.2.rel1/bin/../lib/gcc/arm-none-eabi/13.2.1/thumb/v8-m.main+fp/hard\libg_nano.a(libc_a-sbrkr.o)
 .ARM.attributes
                0x000009e4       0x38 D:/e2studio/toolchains/gcc_arm/13.2.rel1/bin/../lib/gcc/arm-none-eabi/13.2.1/thumb/v8-m.main+fp/hard\libg_nano.a(libc_a-callocr.o)
 .ARM.attributes
                0x00000a1c       0x38 D:/e2studio/toolchains/gcc_arm/13.2.rel1/bin/../lib/gcc/arm-none-eabi/13.2.1/thumb/v8-m.main+fp/hard\libg_nano.a(libc_a-mbtowc_r.o)
 .ARM.attributes
                0x00000a54       0x38 D:/e2studio/toolchains/gcc_arm/13.2.rel1/bin/../lib/gcc/arm-none-eabi/13.2.1/thumb/v8-m.main+fp/hard\libg_nano.a(libc_a-wctomb_r.o)
 .ARM.attributes
                0x00000a8c       0x38 D:/e2studio/toolchains/gcc_arm/13.2.rel1/bin/../lib/gcc/arm-none-eabi/13.2.1/thumb/v8-m.main+fp/hard\libg_nano.a(libc_a-ctype_.o)
 .ARM.attributes
                0x00000ac4       0x26 D:/e2studio/toolchains/gcc_arm/13.2.rel1/bin/../lib/gcc/arm-none-eabi/13.2.1/thumb/v8-m.main+fp/hard\libgcc.a(_arm_addsubdf3.o)
 .ARM.attributes
                0x00000aea       0x26 D:/e2studio/toolchains/gcc_arm/13.2.rel1/bin/../lib/gcc/arm-none-eabi/13.2.1/thumb/v8-m.main+fp/hard\libgcc.a(_arm_muldivdf3.o)
 .ARM.attributes
                0x00000b10       0x26 D:/e2studio/toolchains/gcc_arm/13.2.rel1/bin/../lib/gcc/arm-none-eabi/13.2.1/thumb/v8-m.main+fp/hard\libgcc.a(_arm_cmpdf2.o)
 .ARM.attributes
                0x00000b36       0x26 D:/e2studio/toolchains/gcc_arm/13.2.rel1/bin/../lib/gcc/arm-none-eabi/13.2.1/thumb/v8-m.main+fp/hard\libgcc.a(_arm_unorddf2.o)
 .ARM.attributes
                0x00000b5c       0x26 D:/e2studio/toolchains/gcc_arm/13.2.rel1/bin/../lib/gcc/arm-none-eabi/13.2.1/thumb/v8-m.main+fp/hard\libgcc.a(_arm_fixdfsi.o)
 .ARM.attributes
                0x00000b82       0x38 D:/e2studio/toolchains/gcc_arm/13.2.rel1/bin/../lib/gcc/arm-none-eabi/13.2.1/thumb/v8-m.main+fp/hard/crtend.o

.comment        0x00000000       0x44
 .comment       0x00000000       0x44 ./src/bsp/bsp_motor.o
                                 0x45 (size before relaxing)
 .comment       0x00000044       0x45 ./src/bsp/bsp_track.o
 .comment       0x00000044       0x45 ./src/app/APP_MOTOR.o
 .comment       0x00000044       0x45 ./src/algorithm/pid.o
 .comment       0x00000044       0x45 ./src/hal_entry.o
 .comment       0x00000044       0x45 ./src/hal_warmstart.o
 .comment       0x00000044       0x45 ./ra_gen/common_data.o
 .comment       0x00000044       0x45 ./ra_gen/hal_data.o
 .comment       0x00000044       0x45 ./ra_gen/main.o
 .comment       0x00000044       0x45 ./ra_gen/pin_data.o
 .comment       0x00000044       0x45 ./ra_gen/vector_data.o
 .comment       0x00000044       0x45 ./ra/fsp/src/r_sci_uart/r_sci_uart.o
 .comment       0x00000044       0x45 ./ra/fsp/src/r_ioport/r_ioport.o
 .comment       0x00000044       0x45 ./ra/fsp/src/r_gpt/r_gpt.o
 .comment       0x00000044       0x45 ./ra/fsp/src/bsp/mcu/ra4m2/bsp_linker.o
 .comment       0x00000044       0x45 ./ra/fsp/src/bsp/mcu/all/bsp_clocks.o
 .comment       0x00000044       0x45 ./ra/fsp/src/bsp/mcu/all/bsp_common.o
 .comment       0x00000044       0x45 ./ra/fsp/src/bsp/mcu/all/bsp_delay.o
 .comment       0x00000044       0x45 ./ra/fsp/src/bsp/mcu/all/bsp_group_irq.o
 .comment       0x00000044       0x45 ./ra/fsp/src/bsp/mcu/all/bsp_io.o
 .comment       0x00000044       0x45 ./ra/fsp/src/bsp/mcu/all/bsp_irq.o
 .comment       0x00000044       0x45 ./ra/fsp/src/bsp/mcu/all/bsp_register_protection.o
 .comment       0x00000044       0x45 ./ra/fsp/src/bsp/mcu/all/bsp_sbrk.o
 .comment       0x00000044       0x45 ./ra/fsp/src/bsp/cmsis/Device/RENESAS/Source/startup.o
 .comment       0x00000044       0x45 ./ra/fsp/src/bsp/cmsis/Device/RENESAS/Source/system.o

.debug_info     0x00000000    0x3b8d1
 .debug_info    0x00000000     0x3f92 ./src/bsp/bsp_motor.o
 .debug_info    0x00003f92     0x12a0 ./src/bsp/bsp_track.o
 .debug_info    0x00005232      0x77b ./src/app/APP_MOTOR.o
 .debug_info    0x000059ad      0x1e8 ./src/algorithm/pid.o
 .debug_info    0x00005b95      0x1c4 ./src/hal_entry.o
 .debug_info    0x00005d59      0xfff ./src/hal_warmstart.o
 .debug_info    0x00006d58     0x125c ./ra_gen/common_data.o
 .debug_info    0x00007fb4     0x6b0b ./ra_gen/hal_data.o
 .debug_info    0x0000eabf       0xb1 ./ra_gen/main.o
 .debug_info    0x0000eb70      0xa31 ./ra_gen/pin_data.o
 .debug_info    0x0000f5a1      0x6c1 ./ra_gen/vector_data.o
 .debug_info    0x0000fc62     0xa184 ./ra/fsp/src/r_sci_uart/r_sci_uart.o
 .debug_info    0x00019de6     0x770d ./ra/fsp/src/r_ioport/r_ioport.o
 .debug_info    0x000214f3     0xc04d ./ra/fsp/src/r_gpt/r_gpt.o
 .debug_info    0x0002d540      0x36b ./ra/fsp/src/bsp/mcu/ra4m2/bsp_linker.o
 .debug_info    0x0002d8ab     0x5576 ./ra/fsp/src/bsp/mcu/all/bsp_clocks.o
 .debug_info    0x00032e21      0x96f ./ra/fsp/src/bsp/mcu/all/bsp_common.o
 .debug_info    0x00033790      0x1e2 ./ra/fsp/src/bsp/mcu/all/bsp_delay.o
 .debug_info    0x00033972     0x1363 ./ra/fsp/src/bsp/mcu/all/bsp_group_irq.o
 .debug_info    0x00034cd5       0xb2 ./ra/fsp/src/bsp/mcu/all/bsp_io.o
 .debug_info    0x00034d87     0x1e21 ./ra/fsp/src/bsp/mcu/all/bsp_irq.o
 .debug_info    0x00036ba8     0x3912 ./ra/fsp/src/bsp/mcu/all/bsp_register_protection.o
 .debug_info    0x0003a4ba       0xd8 ./ra/fsp/src/bsp/mcu/all/bsp_sbrk.o
 .debug_info    0x0003a592      0x187 ./ra/fsp/src/bsp/cmsis/Device/RENESAS/Source/startup.o
 .debug_info    0x0003a719     0x11b8 ./ra/fsp/src/bsp/cmsis/Device/RENESAS/Source/system.o

.debug_abbrev   0x00000000     0x375c
 .debug_abbrev  0x00000000      0x334 ./src/bsp/bsp_motor.o
 .debug_abbrev  0x00000334      0x27a ./src/bsp/bsp_track.o
 .debug_abbrev  0x000005ae      0x288 ./src/app/APP_MOTOR.o
 .debug_abbrev  0x00000836      0x134 ./src/algorithm/pid.o
 .debug_abbrev  0x0000096a       0xf9 ./src/hal_entry.o
 .debug_abbrev  0x00000a63      0x158 ./src/hal_warmstart.o
 .debug_abbrev  0x00000bbb      0x13a ./ra_gen/common_data.o
 .debug_abbrev  0x00000cf5      0x2c5 ./ra_gen/hal_data.o
 .debug_abbrev  0x00000fba       0x61 ./ra_gen/main.o
 .debug_abbrev  0x0000101b       0xff ./ra_gen/pin_data.o
 .debug_abbrev  0x0000111a       0xbe ./ra_gen/vector_data.o
 .debug_abbrev  0x000011d8      0x622 ./ra/fsp/src/r_sci_uart/r_sci_uart.o
 .debug_abbrev  0x000017fa      0x49c ./ra/fsp/src/r_ioport/r_ioport.o
 .debug_abbrev  0x00001c96      0x68b ./ra/fsp/src/r_gpt/r_gpt.o
 .debug_abbrev  0x00002321       0xe3 ./ra/fsp/src/bsp/mcu/ra4m2/bsp_linker.o
 .debug_abbrev  0x00002404      0x416 ./ra/fsp/src/bsp/mcu/all/bsp_clocks.o
 .debug_abbrev  0x0000281a      0x188 ./ra/fsp/src/bsp/mcu/all/bsp_common.o
 .debug_abbrev  0x000029a2      0x113 ./ra/fsp/src/bsp/mcu/all/bsp_delay.o
 .debug_abbrev  0x00002ab5      0x256 ./ra/fsp/src/bsp/mcu/all/bsp_group_irq.o
 .debug_abbrev  0x00002d0b       0x5e ./ra/fsp/src/bsp/mcu/all/bsp_io.o
 .debug_abbrev  0x00002d69      0x26c ./ra/fsp/src/bsp/mcu/all/bsp_irq.o
 .debug_abbrev  0x00002fd5      0x27d ./ra/fsp/src/bsp/mcu/all/bsp_register_protection.o
 .debug_abbrev  0x00003252       0x90 ./ra/fsp/src/bsp/mcu/all/bsp_sbrk.o
 .debug_abbrev  0x000032e2      0x102 ./ra/fsp/src/bsp/cmsis/Device/RENESAS/Source/startup.o
 .debug_abbrev  0x000033e4      0x378 ./ra/fsp/src/bsp/cmsis/Device/RENESAS/Source/system.o

.debug_loclists
                0x00000000     0x3f6a
 .debug_loclists
                0x00000000      0x471 ./src/bsp/bsp_motor.o
 .debug_loclists
                0x00000471      0x10a ./src/bsp/bsp_track.o
 .debug_loclists
                0x0000057b      0x3cc ./src/app/APP_MOTOR.o
 .debug_loclists
                0x00000947       0xaa ./src/algorithm/pid.o
 .debug_loclists
                0x000009f1       0x29 ./src/hal_warmstart.o
 .debug_loclists
                0x00000a1a      0xe41 ./ra/fsp/src/r_sci_uart/r_sci_uart.o
 .debug_loclists
                0x0000185b      0x7c8 ./ra/fsp/src/r_ioport/r_ioport.o
 .debug_loclists
                0x00002023     0x1876 ./ra/fsp/src/r_gpt/r_gpt.o
 .debug_loclists
                0x00003899      0x265 ./ra/fsp/src/bsp/mcu/all/bsp_clocks.o
 .debug_loclists
                0x00003afe       0x20 ./ra/fsp/src/bsp/mcu/all/bsp_common.o
 .debug_loclists
                0x00003b1e      0x11c ./ra/fsp/src/bsp/mcu/all/bsp_delay.o
 .debug_loclists
                0x00003c3a       0x73 ./ra/fsp/src/bsp/mcu/all/bsp_group_irq.o
 .debug_loclists
                0x00003cad      0x119 ./ra/fsp/src/bsp/mcu/all/bsp_irq.o
 .debug_loclists
                0x00003dc6       0xa7 ./ra/fsp/src/bsp/mcu/all/bsp_register_protection.o
 .debug_loclists
                0x00003e6d       0x29 ./ra/fsp/src/bsp/mcu/all/bsp_sbrk.o
 .debug_loclists
                0x00003e96       0xd4 ./ra/fsp/src/bsp/cmsis/Device/RENESAS/Source/system.o

.debug_aranges  0x00000000      0x5e8
 .debug_aranges
                0x00000000       0x38 ./src/bsp/bsp_motor.o
 .debug_aranges
                0x00000038       0x40 ./src/bsp/bsp_track.o
 .debug_aranges
                0x00000078       0x60 ./src/app/APP_MOTOR.o
 .debug_aranges
                0x000000d8       0x30 ./src/algorithm/pid.o
 .debug_aranges
                0x00000108       0x20 ./src/hal_entry.o
 .debug_aranges
                0x00000128       0x20 ./src/hal_warmstart.o
 .debug_aranges
                0x00000148       0x20 ./ra_gen/common_data.o
 .debug_aranges
                0x00000168       0x20 ./ra_gen/hal_data.o
 .debug_aranges
                0x00000188       0x20 ./ra_gen/main.o
 .debug_aranges
                0x000001a8       0x18 ./ra_gen/pin_data.o
 .debug_aranges
                0x000001c0       0x18 ./ra_gen/vector_data.o
 .debug_aranges
                0x000001d8       0xa0 ./ra/fsp/src/r_sci_uart/r_sci_uart.o
 .debug_aranges
                0x00000278       0x90 ./ra/fsp/src/r_ioport/r_ioport.o
 .debug_aranges
                0x00000308      0x100 ./ra/fsp/src/r_gpt/r_gpt.o
 .debug_aranges
                0x00000408       0x18 ./ra/fsp/src/bsp/mcu/ra4m2/bsp_linker.o
 .debug_aranges
                0x00000420       0x70 ./ra/fsp/src/bsp/mcu/all/bsp_clocks.o
 .debug_aranges
                0x00000490       0x30 ./ra/fsp/src/bsp/mcu/all/bsp_common.o
 .debug_aranges
                0x000004c0       0x28 ./ra/fsp/src/bsp/mcu/all/bsp_delay.o
 .debug_aranges
                0x000004e8       0x28 ./ra/fsp/src/bsp/mcu/all/bsp_group_irq.o
 .debug_aranges
                0x00000510       0x18 ./ra/fsp/src/bsp/mcu/all/bsp_io.o
 .debug_aranges
                0x00000528       0x20 ./ra/fsp/src/bsp/mcu/all/bsp_irq.o
 .debug_aranges
                0x00000548       0x28 ./ra/fsp/src/bsp/mcu/all/bsp_register_protection.o
 .debug_aranges
                0x00000570       0x20 ./ra/fsp/src/bsp/mcu/all/bsp_sbrk.o
 .debug_aranges
                0x00000590       0x28 ./ra/fsp/src/bsp/cmsis/Device/RENESAS/Source/startup.o
 .debug_aranges
                0x000005b8       0x30 ./ra/fsp/src/bsp/cmsis/Device/RENESAS/Source/system.o

.debug_rnglists
                0x00000000      0xbe9
 .debug_rnglists
                0x00000000       0x75 ./src/bsp/bsp_motor.o
 .debug_rnglists
                0x00000075       0x76 ./src/bsp/bsp_track.o
 .debug_rnglists
                0x000000eb       0xaa ./src/app/APP_MOTOR.o
 .debug_rnglists
                0x00000195       0x20 ./src/algorithm/pid.o
 .debug_rnglists
                0x000001b5       0x13 ./src/hal_entry.o
 .debug_rnglists
                0x000001c8       0x13 ./src/hal_warmstart.o
 .debug_rnglists
                0x000001db       0x13 ./ra_gen/common_data.o
 .debug_rnglists
                0x000001ee       0x13 ./ra_gen/hal_data.o
 .debug_rnglists
                0x00000201       0x13 ./ra_gen/main.o
 .debug_rnglists
                0x00000214      0x26c ./ra/fsp/src/r_sci_uart/r_sci_uart.o
 .debug_rnglists
                0x00000480       0xbc ./ra/fsp/src/r_ioport/r_ioport.o
 .debug_rnglists
                0x0000053c      0x470 ./ra/fsp/src/r_gpt/r_gpt.o
 .debug_rnglists
                0x000009ac       0xc1 ./ra/fsp/src/bsp/mcu/all/bsp_clocks.o
 .debug_rnglists
                0x00000a6d       0x1f ./ra/fsp/src/bsp/mcu/all/bsp_common.o
 .debug_rnglists
                0x00000a8c       0x2e ./ra/fsp/src/bsp/mcu/all/bsp_delay.o
 .debug_rnglists
                0x00000aba       0x37 ./ra/fsp/src/bsp/mcu/all/bsp_group_irq.o
 .debug_rnglists
                0x00000af1       0x5d ./ra/fsp/src/bsp/mcu/all/bsp_irq.o
 .debug_rnglists
                0x00000b4e       0x31 ./ra/fsp/src/bsp/mcu/all/bsp_register_protection.o
 .debug_rnglists
                0x00000b7f       0x13 ./ra/fsp/src/bsp/mcu/all/bsp_sbrk.o
 .debug_rnglists
                0x00000b92       0x19 ./ra/fsp/src/bsp/cmsis/Device/RENESAS/Source/startup.o
 .debug_rnglists
                0x00000bab       0x3e ./ra/fsp/src/bsp/cmsis/Device/RENESAS/Source/system.o

.debug_line     0x00000000     0x8440
 .debug_line    0x00000000      0x52f ./src/bsp/bsp_motor.o
 .debug_line    0x0000052f      0x3d6 ./src/bsp/bsp_track.o
 .debug_line    0x00000905      0x457 ./src/app/APP_MOTOR.o
 .debug_line    0x00000d5c      0x18c ./src/algorithm/pid.o
 .debug_line    0x00000ee8      0x1c4 ./src/hal_entry.o
 .debug_line    0x000010ac      0x28d ./src/hal_warmstart.o
 .debug_line    0x00001339      0x237 ./ra_gen/common_data.o
 .debug_line    0x00001570      0x2a2 ./ra_gen/hal_data.o
 .debug_line    0x00001812       0x5e ./ra_gen/main.o
 .debug_line    0x00001870      0x1b6 ./ra_gen/pin_data.o
 .debug_line    0x00001a26      0x114 ./ra_gen/vector_data.o
 .debug_line    0x00001b3a     0x187e ./ra/fsp/src/r_sci_uart/r_sci_uart.o
 .debug_line    0x000033b8      0xaa8 ./ra/fsp/src/r_ioport/r_ioport.o
 .debug_line    0x00003e60     0x21ed ./ra/fsp/src/r_gpt/r_gpt.o
 .debug_line    0x0000604d      0x10b ./ra/fsp/src/bsp/mcu/ra4m2/bsp_linker.o
 .debug_line    0x00006158      0x8f4 ./ra/fsp/src/bsp/mcu/all/bsp_clocks.o
 .debug_line    0x00006a4c      0x230 ./ra/fsp/src/bsp/mcu/all/bsp_common.o
 .debug_line    0x00006c7c      0x259 ./ra/fsp/src/bsp/mcu/all/bsp_delay.o
 .debug_line    0x00006ed5      0x2ae ./ra/fsp/src/bsp/mcu/all/bsp_group_irq.o
 .debug_line    0x00007183      0x136 ./ra/fsp/src/bsp/mcu/all/bsp_io.o
 .debug_line    0x000072b9      0x530 ./ra/fsp/src/bsp/mcu/all/bsp_irq.o
 .debug_line    0x000077e9      0x366 ./ra/fsp/src/bsp/mcu/all/bsp_register_protection.o
 .debug_line    0x00007b4f       0xda ./ra/fsp/src/bsp/mcu/all/bsp_sbrk.o
 .debug_line    0x00007c29      0x1a2 ./ra/fsp/src/bsp/cmsis/Device/RENESAS/Source/startup.o
 .debug_line    0x00007dcb      0x675 ./ra/fsp/src/bsp/cmsis/Device/RENESAS/Source/system.o

.debug_str      0x00000000     0xe5f4
 .debug_str     0x00000000     0xe5f4 ./src/bsp/bsp_motor.o
                               0x4a09 (size before relaxing)
 .debug_str     0x0000e5f4     0x3261 ./src/bsp/bsp_track.o
 .debug_str     0x0000e5f4      0x4c5 ./src/app/APP_MOTOR.o
 .debug_str     0x0000e5f4      0x1b8 ./src/algorithm/pid.o
 .debug_str     0x0000e5f4      0x2cc ./src/hal_entry.o
 .debug_str     0x0000e5f4     0x321e ./src/hal_warmstart.o
 .debug_str     0x0000e5f4     0x33e3 ./ra_gen/common_data.o
 .debug_str     0x0000e5f4     0x6d83 ./ra_gen/hal_data.o
 .debug_str     0x0000e5f4      0x1d7 ./ra_gen/main.o
 .debug_str     0x0000e5f4     0x1da7 ./ra_gen/pin_data.o
 .debug_str     0x0000e5f4     0x174e ./ra_gen/vector_data.o
 .debug_str     0x0000e5f4     0x6e85 ./ra/fsp/src/r_sci_uart/r_sci_uart.o
 .debug_str     0x0000e5f4     0x5d53 ./ra/fsp/src/r_ioport/r_ioport.o
 .debug_str     0x0000e5f4     0x70f7 ./ra/fsp/src/r_gpt/r_gpt.o
 .debug_str     0x0000e5f4      0x599 ./ra/fsp/src/bsp/mcu/ra4m2/bsp_linker.o
 .debug_str     0x0000e5f4     0x2781 ./ra/fsp/src/bsp/mcu/all/bsp_clocks.o
 .debug_str     0x0000e5f4     0x1cd8 ./ra/fsp/src/bsp/mcu/all/bsp_common.o
 .debug_str     0x0000e5f4      0x300 ./ra/fsp/src/bsp/mcu/all/bsp_delay.o
 .debug_str     0x0000e5f4     0x223f ./ra/fsp/src/bsp/mcu/all/bsp_group_irq.o
 .debug_str     0x0000e5f4      0x200 ./ra/fsp/src/bsp/mcu/all/bsp_io.o
 .debug_str     0x0000e5f4     0x216f ./ra/fsp/src/bsp/mcu/all/bsp_irq.o
 .debug_str     0x0000e5f4     0x1b79 ./ra/fsp/src/bsp/mcu/all/bsp_register_protection.o
 .debug_str     0x0000e5f4      0x1f1 ./ra/fsp/src/bsp/mcu/all/bsp_sbrk.o
 .debug_str     0x0000e5f4      0x26f ./ra/fsp/src/bsp/cmsis/Device/RENESAS/Source/startup.o
 .debug_str     0x0000e5f4      0xa84 ./ra/fsp/src/bsp/cmsis/Device/RENESAS/Source/system.o

.debug_frame    0x00000000     0x1734
 .debug_frame   0x00000000       0xe0 ./src/bsp/bsp_motor.o
 .debug_frame   0x000000e0       0xb4 ./src/bsp/bsp_track.o
 .debug_frame   0x00000194      0x108 ./src/app/APP_MOTOR.o
 .debug_frame   0x0000029c       0x40 ./src/algorithm/pid.o
 .debug_frame   0x000002dc       0x30 ./src/hal_entry.o
 .debug_frame   0x0000030c       0x20 ./src/hal_warmstart.o
 .debug_frame   0x0000032c       0x20 ./ra_gen/common_data.o
 .debug_frame   0x0000034c       0x20 ./ra_gen/hal_data.o
 .debug_frame   0x0000036c       0x28 ./ra_gen/main.o
 .debug_frame   0x00000394      0x1e8 ./ra/fsp/src/r_sci_uart/r_sci_uart.o
 .debug_frame   0x0000057c      0x17c ./ra/fsp/src/r_ioport/r_ioport.o
 .debug_frame   0x000006f8      0x2c8 ./ra/fsp/src/r_gpt/r_gpt.o
 .debug_frame   0x000009c0      0x104 ./ra/fsp/src/bsp/mcu/all/bsp_clocks.o
 .debug_frame   0x00000ac4       0x40 ./ra/fsp/src/bsp/mcu/all/bsp_common.o
 .debug_frame   0x00000b04       0x48 ./ra/fsp/src/bsp/mcu/all/bsp_delay.o
 .debug_frame   0x00000b4c       0x3c ./ra/fsp/src/bsp/mcu/all/bsp_group_irq.o
 .debug_frame   0x00000b88       0x34 ./ra/fsp/src/bsp/mcu/all/bsp_irq.o
 .debug_frame   0x00000bbc       0x48 ./ra/fsp/src/bsp/mcu/all/bsp_register_protection.o
 .debug_frame   0x00000c04       0x28 ./ra/fsp/src/bsp/mcu/all/bsp_sbrk.o
 .debug_frame   0x00000c2c       0x38 ./ra/fsp/src/bsp/cmsis/Device/RENESAS/Source/startup.o
 .debug_frame   0x00000c64       0x64 ./ra/fsp/src/bsp/cmsis/Device/RENESAS/Source/system.o
 .debug_frame   0x00000cc8       0x90 D:/e2studio/toolchains/gcc_arm/13.2.rel1/bin/../lib/gcc/arm-none-eabi/13.2.1/thumb/v8-m.main+fp/hard\libg_nano.a(libc_a-nano-vfprintf_float.o)
 .debug_frame   0x00000d58       0x60 D:/e2studio/toolchains/gcc_arm/13.2.rel1/bin/../lib/gcc/arm-none-eabi/13.2.1/thumb/v8-m.main+fp/hard\libg_nano.a(libc_a-nano-vfprintf_i.o)
 .debug_frame   0x00000db8      0x144 D:/e2studio/toolchains/gcc_arm/13.2.rel1/bin/../lib/gcc/arm-none-eabi/13.2.1/thumb/v8-m.main+fp/hard\libg_nano.a(libc_a-findfp.o)
 .debug_frame   0x00000efc       0x20 D:/e2studio/toolchains/gcc_arm/13.2.rel1/bin/../lib/gcc/arm-none-eabi/13.2.1/thumb/v8-m.main+fp/hard\libg_nano.a(libc_a-memset.o)
 .debug_frame   0x00000f1c       0x40 D:/e2studio/toolchains/gcc_arm/13.2.rel1/bin/../lib/gcc/arm-none-eabi/13.2.1/thumb/v8-m.main+fp/hard\libg_nano.a(libc_a-localeconv.o)
 .debug_frame   0x00000f5c       0x38 D:/e2studio/toolchains/gcc_arm/13.2.rel1/bin/../lib/gcc/arm-none-eabi/13.2.1/thumb/v8-m.main+fp/hard\libg_nano.a(libc_a-reent.o)
 .debug_frame   0x00000f94       0x20 D:/e2studio/toolchains/gcc_arm/13.2.rel1/bin/../lib/gcc/arm-none-eabi/13.2.1/thumb/v8-m.main+fp/hard\libg_nano.a(libc_a-errno.o)
 .debug_frame   0x00000fb4       0xb0 D:/e2studio/toolchains/gcc_arm/13.2.rel1/bin/../lib/gcc/arm-none-eabi/13.2.1/thumb/v8-m.main+fp/hard\libg_nano.a(libc_a-lock.o)
 .debug_frame   0x00001064       0x28 D:/e2studio/toolchains/gcc_arm/13.2.rel1/bin/../lib/gcc/arm-none-eabi/13.2.1/thumb/v8-m.main+fp/hard\libg_nano.a(libc_a-memcpy-stub.o)
 .debug_frame   0x0000108c       0x70 D:/e2studio/toolchains/gcc_arm/13.2.rel1/bin/../lib/gcc/arm-none-eabi/13.2.1/thumb/v8-m.main+fp/hard\libg_nano.a(libc_a-dtoa.o)
 .debug_frame   0x000010fc       0x30 D:/e2studio/toolchains/gcc_arm/13.2.rel1/bin/../lib/gcc/arm-none-eabi/13.2.1/thumb/v8-m.main+fp/hard\libg_nano.a(libc_a-malloc.o)
 .debug_frame   0x0000112c       0x50 D:/e2studio/toolchains/gcc_arm/13.2.rel1/bin/../lib/gcc/arm-none-eabi/13.2.1/thumb/v8-m.main+fp/hard\libg_nano.a(libc_a-mallocr.o)
 .debug_frame   0x0000117c       0x30 D:/e2studio/toolchains/gcc_arm/13.2.rel1/bin/../lib/gcc/arm-none-eabi/13.2.1/thumb/v8-m.main+fp/hard\libg_nano.a(libc_a-mlock.o)
 .debug_frame   0x000011ac      0x260 D:/e2studio/toolchains/gcc_arm/13.2.rel1/bin/../lib/gcc/arm-none-eabi/13.2.1/thumb/v8-m.main+fp/hard\libg_nano.a(libc_a-mprec.o)
 .debug_frame   0x0000140c       0x48 D:/e2studio/toolchains/gcc_arm/13.2.rel1/bin/../lib/gcc/arm-none-eabi/13.2.1/thumb/v8-m.main+fp/hard\libg_nano.a(libc_a-locale.o)
 .debug_frame   0x00001454       0x2c D:/e2studio/toolchains/gcc_arm/13.2.rel1/bin/../lib/gcc/arm-none-eabi/13.2.1/thumb/v8-m.main+fp/hard\libg_nano.a(libc_a-sbrkr.o)
 .debug_frame   0x00001480       0x2c D:/e2studio/toolchains/gcc_arm/13.2.rel1/bin/../lib/gcc/arm-none-eabi/13.2.1/thumb/v8-m.main+fp/hard\libg_nano.a(libc_a-callocr.o)
 .debug_frame   0x000014ac       0x48 D:/e2studio/toolchains/gcc_arm/13.2.rel1/bin/../lib/gcc/arm-none-eabi/13.2.1/thumb/v8-m.main+fp/hard\libg_nano.a(libc_a-mbtowc_r.o)
 .debug_frame   0x000014f4       0x3c D:/e2studio/toolchains/gcc_arm/13.2.rel1/bin/../lib/gcc/arm-none-eabi/13.2.1/thumb/v8-m.main+fp/hard\libg_nano.a(libc_a-wctomb_r.o)
 .debug_frame   0x00001530       0xac D:/e2studio/toolchains/gcc_arm/13.2.rel1/bin/../lib/gcc/arm-none-eabi/13.2.1/thumb/v8-m.main+fp/hard\libgcc.a(_arm_addsubdf3.o)
 .debug_frame   0x000015dc       0x50 D:/e2studio/toolchains/gcc_arm/13.2.rel1/bin/../lib/gcc/arm-none-eabi/13.2.1/thumb/v8-m.main+fp/hard\libgcc.a(_arm_muldivdf3.o)
 .debug_frame   0x0000162c       0xc4 D:/e2studio/toolchains/gcc_arm/13.2.rel1/bin/../lib/gcc/arm-none-eabi/13.2.1/thumb/v8-m.main+fp/hard\libgcc.a(_arm_cmpdf2.o)
 .debug_frame   0x000016f0       0x20 D:/e2studio/toolchains/gcc_arm/13.2.rel1/bin/../lib/gcc/arm-none-eabi/13.2.1/thumb/v8-m.main+fp/hard\libgcc.a(_arm_unorddf2.o)
 .debug_frame   0x00001710       0x24 D:/e2studio/toolchains/gcc_arm/13.2.rel1/bin/../lib/gcc/arm-none-eabi/13.2.1/thumb/v8-m.main+fp/hard\libgcc.a(_arm_fixdfsi.o)

.debug_line_str
                0x00000000      0x1c1
 .debug_line_str
                0x00000000      0x1c1 D:/e2studio/toolchains/gcc_arm/13.2.rel1/bin/../lib/gcc/arm-none-eabi/13.2.1/thumb/v8-m.main+fp/hard\libg_nano.a(libc_a-strlen.o)
                                 0xef (size before relaxing)
 .debug_line_str
                0x000001c1       0xd2 D:/e2studio/toolchains/gcc_arm/13.2.rel1/bin/../lib/gcc/arm-none-eabi/13.2.1/thumb/v8-m.main+fp/hard\libgcc.a(_arm_addsubdf3.o)
 .debug_line_str
                0x000001c1       0xd2 D:/e2studio/toolchains/gcc_arm/13.2.rel1/bin/../lib/gcc/arm-none-eabi/13.2.1/thumb/v8-m.main+fp/hard\libgcc.a(_arm_muldivdf3.o)
 .debug_line_str
                0x000001c1       0xd2 D:/e2studio/toolchains/gcc_arm/13.2.rel1/bin/../lib/gcc/arm-none-eabi/13.2.1/thumb/v8-m.main+fp/hard\libgcc.a(_arm_cmpdf2.o)
 .debug_line_str
                0x000001c1       0xd2 D:/e2studio/toolchains/gcc_arm/13.2.rel1/bin/../lib/gcc/arm-none-eabi/13.2.1/thumb/v8-m.main+fp/hard\libgcc.a(_arm_unorddf2.o)
 .debug_line_str
                0x000001c1       0xd2 D:/e2studio/toolchains/gcc_arm/13.2.rel1/bin/../lib/gcc/arm-none-eabi/13.2.1/thumb/v8-m.main+fp/hard\libgcc.a(_arm_fixdfsi.o)
